Component: ARM Compiler 5.06 update 6 (build 750) Tool: armlink [4d35ed]

==============================================================================

Section Cross References

    startup_stm32l476xx.o(RESET) refers to startup_stm32l476xx.o(STACK) for __initial_sp
    startup_stm32l476xx.o(RESET) refers to startup_stm32l476xx.o(.text) for Reset_Handler
    startup_stm32l476xx.o(RESET) refers to stm32l4xx_it.o(i.NMI_Handler) for NMI_Handler
    startup_stm32l476xx.o(RESET) refers to stm32l4xx_it.o(i.HardFault_Handler) for HardFault_Handler
    startup_stm32l476xx.o(RESET) refers to stm32l4xx_it.o(i.MemManage_Handler) for MemManage_Handler
    startup_stm32l476xx.o(RESET) refers to stm32l4xx_it.o(i.BusFault_Handler) for BusFault_Handler
    startup_stm32l476xx.o(RESET) refers to stm32l4xx_it.o(i.UsageFault_Handler) for UsageFault_Handler
    startup_stm32l476xx.o(RESET) refers to stm32l4xx_it.o(i.SVC_Handler) for SVC_Handler
    startup_stm32l476xx.o(RESET) refers to stm32l4xx_it.o(i.DebugMon_Handler) for DebugMon_Handler
    startup_stm32l476xx.o(RESET) refers to stm32l4xx_it.o(i.PendSV_Handler) for PendSV_Handler
    startup_stm32l476xx.o(RESET) refers to stm32l4xx_it.o(i.SysTick_Handler) for SysTick_Handler
    startup_stm32l476xx.o(RESET) refers to stm32l4xx_it.o(i.DMA1_Channel1_IRQHandler) for DMA1_Channel1_IRQHandler
    startup_stm32l476xx.o(RESET) refers to stm32l4xx_it.o(i.DMA1_Channel2_IRQHandler) for DMA1_Channel2_IRQHandler
    startup_stm32l476xx.o(RESET) refers to stm32l4xx_it.o(i.DMA1_Channel3_IRQHandler) for DMA1_Channel3_IRQHandler
    startup_stm32l476xx.o(RESET) refers to stm32l4xx_it.o(i.EXTI9_5_IRQHandler) for EXTI9_5_IRQHandler
    startup_stm32l476xx.o(RESET) refers to stm32l4xx_it.o(i.TIM3_IRQHandler) for TIM3_IRQHandler
    startup_stm32l476xx.o(RESET) refers to stm32l4xx_it.o(i.SDMMC1_IRQHandler) for SDMMC1_IRQHandler
    startup_stm32l476xx.o(RESET) refers to stm32l4xx_it.o(i.DMA2_Channel4_IRQHandler) for DMA2_Channel4_IRQHandler
    startup_stm32l476xx.o(RESET) refers to stm32l4xx_it.o(i.DMA2_Channel5_IRQHandler) for DMA2_Channel5_IRQHandler
    startup_stm32l476xx.o(.text) refers to system_stm32l4xx.o(i.SystemInit) for SystemInit
    startup_stm32l476xx.o(.text) refers to entry.o(.ARM.Collect$$$$00000000) for __main
    main.o(i.MX_ADC1_Init) refers to memseta.o(.text) for __aeabi_memclr4
    main.o(i.MX_ADC1_Init) refers to stm32l4xx_hal_adc.o(i.HAL_ADC_Init) for HAL_ADC_Init
    main.o(i.MX_ADC1_Init) refers to main.o(i.Error_Handler) for Error_Handler
    main.o(i.MX_ADC1_Init) refers to stm32l4xx_hal_adc_ex.o(i.HAL_ADCEx_MultiModeConfigChannel) for HAL_ADCEx_MultiModeConfigChannel
    main.o(i.MX_ADC1_Init) refers to stm32l4xx_hal_adc.o(i.HAL_ADC_ConfigChannel) for HAL_ADC_ConfigChannel
    main.o(i.MX_ADC1_Init) refers to main.o(.bss) for hadc1
    main.o(i.MX_ADC3_Init) refers to memseta.o(.text) for __aeabi_memclr4
    main.o(i.MX_ADC3_Init) refers to stm32l4xx_hal_adc.o(i.HAL_ADC_Init) for HAL_ADC_Init
    main.o(i.MX_ADC3_Init) refers to main.o(i.Error_Handler) for Error_Handler
    main.o(i.MX_ADC3_Init) refers to stm32l4xx_hal_adc.o(i.HAL_ADC_ConfigChannel) for HAL_ADC_ConfigChannel
    main.o(i.MX_ADC3_Init) refers to main.o(.bss) for hadc3
    main.o(i.MX_DMA_Init) refers to stm32l4xx_hal_cortex.o(i.HAL_NVIC_SetPriority) for HAL_NVIC_SetPriority
    main.o(i.MX_DMA_Init) refers to stm32l4xx_hal_cortex.o(i.HAL_NVIC_EnableIRQ) for HAL_NVIC_EnableIRQ
    main.o(i.MX_GPIO_Init) refers to memseta.o(.text) for __aeabi_memclr4
    main.o(i.MX_GPIO_Init) refers to stm32l4xx_hal_pwr_ex.o(i.HAL_PWREx_EnableVddIO2) for HAL_PWREx_EnableVddIO2
    main.o(i.MX_GPIO_Init) refers to stm32l4xx_hal_gpio.o(i.HAL_GPIO_WritePin) for HAL_GPIO_WritePin
    main.o(i.MX_GPIO_Init) refers to stm32l4xx_hal_gpio.o(i.HAL_GPIO_Init) for HAL_GPIO_Init
    main.o(i.MX_GPIO_Init) refers to stm32l4xx_hal_cortex.o(i.HAL_NVIC_SetPriority) for HAL_NVIC_SetPriority
    main.o(i.MX_GPIO_Init) refers to stm32l4xx_hal_cortex.o(i.HAL_NVIC_EnableIRQ) for HAL_NVIC_EnableIRQ
    main.o(i.MX_I2C1_Init) refers to stm32l4xx_hal_i2c.o(i.HAL_I2C_Init) for HAL_I2C_Init
    main.o(i.MX_I2C1_Init) refers to main.o(i.Error_Handler) for Error_Handler
    main.o(i.MX_I2C1_Init) refers to stm32l4xx_hal_i2c_ex.o(i.HAL_I2CEx_ConfigAnalogFilter) for HAL_I2CEx_ConfigAnalogFilter
    main.o(i.MX_I2C1_Init) refers to stm32l4xx_hal_i2c_ex.o(i.HAL_I2CEx_ConfigDigitalFilter) for HAL_I2CEx_ConfigDigitalFilter
    main.o(i.MX_I2C1_Init) refers to main.o(.bss) for hi2c1
    main.o(i.MX_SDMMC1_SD_Init) refers to main.o(.bss) for hsd1
    main.o(i.MX_SPI1_Init) refers to stm32l4xx_hal_spi.o(i.HAL_SPI_Init) for HAL_SPI_Init
    main.o(i.MX_SPI1_Init) refers to main.o(i.Error_Handler) for Error_Handler
    main.o(i.MX_SPI1_Init) refers to main.o(.bss) for hspi1
    main.o(i.MX_TIM2_Init) refers to stm32l4xx_hal_tim.o(i.HAL_TIM_Base_Init) for HAL_TIM_Base_Init
[...]
    SDFilestate                              0x20000050   Data           1  sdemgsave.o(.data)
    .bss                                     0x20000054   Section     1124  main.o(.bss)
    .bss                                     0x200004b8   Section     1124  fatfs.o(.bss)
    .bss                                     0x2000091c   Section     8688  adc.o(.bss)
    .bss                                     0x20002b0c   Section       32  ff.o(.bss)
    Files                                    0x20002b0c   Data          32  ff.o(.bss)
    .bss                                     0x20002b2c   Section       12  ff_gen_drv.o(.bss)
    .bss                                     0x20002b38   Section      976  sdsave.o(.bss)
    STACK                                    0x20002f08   Section    12288  startup_stm32l476xx.o(STACK)

    Global Symbols

    Symbol Name                              Value     Ov Type        Size  Object(Section)

    BuildAttributes$$THM_ISAv4$E$P$D$K$B$S$7EM$VFPi3$EXTD16$VFPS$VFMA$PE$A:L22UL41UL21$X:L11$S22US41US21$IEEE1$IW$USESV6$~STKCKD$USESV7$~SHL$OSPACE$ROPI$EBA8$MICROLIB$REQ8$PRES8$EABIv2 0x00000000   Number         0  anon$$obj.o ABSOLUTE
    __ARM_use_no_argv                        0x00000000   Number         0  main.o ABSOLUTE
    __use_no_errno                           0x00000000   Number         0  useno.o ABSOLUTE
    __use_no_exception_handling              0x00000000   Number         0  useno.o ABSOLUTE
    __use_no_fp                              0x00000000   Number         0  useno.o ABSOLUTE
    __use_no_heap                            0x00000000   Number         0  useno.o ABSOLUTE
    __use_no_heap_region                     0x00000000   Number         0  useno.o ABSOLUTE
    __use_no_semihosting                     0x00000000   Number         0  useno.o ABSOLUTE
    __use_no_semihosting_swi                 0x00000000   Number         0  useno.o ABSOLUTE
    __use_no_signal_handling                 0x00000000   Number         0  useno.o ABSOLUTE
    _printf_a                                0x00000000   Number         0  stubs.o ABSOLUTE
    _printf_c                                0x00000000   Number         0  stubs.o ABSOLUTE
    _printf_charcount                        0x00000000   Number         0  stubs.o ABSOLUTE
    _printf_d                                0x00000000   Number         0  stubs.o ABSOLUTE
    _printf_e                                0x00000000   Number         0  stubs.o ABSOLUTE
    _printf_f                                0x00000000   Number         0  stubs.o ABSOLUTE
    _printf_flags                            0x00000000   Number         0  stubs.o ABSOLUTE
    _printf_fp_dec                           0x00000000   Number         0  stubs.o ABSOLUTE
    _printf_fp_hex                           0x00000000   Number         0  stubs.o ABSOLUTE
    _printf_g                                0x00000000   Number         0  stubs.o ABSOLUTE
    _printf_i                                0x00000000   Number         0  stubs.o ABSOLUTE
    _printf_int_dec                          0x00000000   Number         0  stubs.o ABSOLUTE
    _printf_l                                0x00000000   Number         0  stubs.o ABSOLUTE
    _printf_lc                               0x00000000   Number         0  stubs.o ABSOLUTE
    _printf_ll                               0x00000000   Number         0  stubs.o ABSOLUTE
    _printf_lld                              0x00000000   Number         0  stubs.o ABSOLUTE
    _printf_lli                              0x00000000   Number         0  stubs.o ABSOLUTE
    _printf_llo                              0x00000000   Number         0  stubs.o ABSOLUTE
    _printf_llu                              0x00000000   Number         0  stubs.o ABSOLUTE
    _printf_llx                              0x00000000   Number         0  stubs.o ABSOLUTE
    _printf_longlong_dec                     0x00000000   Number         0  stubs.o ABSOLUTE
    _printf_longlong_hex                     0x00000000   Number         0  stubs.o ABSOLUTE
    _printf_longlong_oct                     0x00000000   Number         0  stubs.o ABSOLUTE
    _printf_ls                               0x00000000   Number         0  stubs.o ABSOLUTE
    _printf_mbtowc                           0x00000000   Number         0  stubs.o ABSOLUTE
    _printf_n                                0x00000000   Number         0  stubs.o ABSOLUTE
    _printf_o                                0x00000000   Number         0  stubs.o ABSOLUTE
    _printf_p                                0x00000000   Number         0  stubs.o ABSOLUTE
    _printf_percent                          0x00000000   Number         0  stubs.o ABSOLUTE
    _printf_pre_padding                      0x00000000   Number         0  stubs.o ABSOLUTE
    _printf_return_value                     0x00000000   Number         0  stubs.o ABSOLUTE
    _printf_s                                0x00000000   Number         0  stubs.o ABSOLUTE
    _printf_sizespec                         0x00000000   Number         0  stubs.o ABSOLUTE
    _printf_str                              0x00000000   Number         0  stubs.o ABSOLUTE
    _printf_truncate_signed                  0x00000000   Number         0  stubs.o ABSOLUTE
    _printf_truncate_unsigned                0x00000000   Number         0  stubs.o ABSOLUTE
    _printf_u                                0x00000000   Number         0  stubs.o ABSOLUTE
    _printf_wc                               0x00000000   Number         0  stubs.o ABSOLUTE
    _printf_wctomb                           0x00000000   Number         0  stubs.o ABSOLUTE
    _printf_widthprec                        0x00000000   Number         0  stubs.o ABSOLUTE
    _printf_x                                0x00000000   Number         0  stubs.o ABSOLUTE
    __cpp_initialize__aeabi_                  - Undefined Weak Reference
    __cxa_finalize                            - Undefined Weak Reference
    __decompress                              - Undefined Weak Reference
    _clock_init                               - Undefined Weak Reference
    _microlib_exit                            - Undefined Weak Reference
    __Vectors_Size                           0x00000188   Number         0  startup_stm32l476xx.o ABSOLUTE
    __Vectors                                0x08000000   Data           4  startup_stm32l476xx.o(RESET)
    __Vectors_End                            0x08000188   Data           0  startup_stm32l476xx.o(RESET)
    __main                                   0x08000189   Thumb Code     0  entry.o(.ARM.Collect$$$$00000000)
    _main_stk                                0x08000189   Thumb Code     0  entry2.o(.ARM.Collect$$$$00000001)
    _main_scatterload                        0x0800018d   Thumb Code     0  entry5.o(.ARM.Collect$$$$00000004)
    __main_after_scatterload                 0x08000191   Thumb Code     0  entry5.o(.ARM.Collect$$$$00000004)
    _main_clock                              0x08000191   Thumb Code     0  entry7b.o(.ARM.Collect$$$$00000008)
    _main_cpp_init                           0x08000191   Thumb Code     0  entry8b.o(.ARM.Collect$$$$0000000A)
    _main_init                               0x08000191   Thumb Code     0  entry9a.o(.ARM.Collect$$$$0000000B)
    __rt_final_cpp                           0x08000199   Thumb Code     0  entry10a.o(.ARM.Collect$$$$0000000D)
    __rt_final_exit                          0x08000199   Thumb Code     0  entry11a.o(.ARM.Collect$$$$0000000F)
    Reset_Handler                            0x0800019d   Thumb Code     8  startup_stm32l476xx.o(.text)
    ADC1_2_IRQHandler                        0x080001b7   Thumb Code     0  startup_stm32l476xx.o(.text)
    ADC3_IRQHandler                          0x080001b7   Thumb Code     0  startup_stm32l476xx.o(.text)
    CAN1_RX0_IRQHandler                      0x080001b7   Thumb Code     0  startup_stm32l476xx.o(.text)
    CAN1_RX1_IRQHandler                      0x080001b7   Thumb Code     0  startup_stm32l476xx.o(.text)
    CAN1_SCE_IRQHandler                      0x080001b7   Thumb Code     0  startup_stm32l476xx.o(.text)
    CAN1_TX_IRQHandler                       0x080001b7   Thumb Code     0  startup_stm32l476xx.o(.text)
    COMP_IRQHandler                          0x080001b7   Thumb Code     0  startup_stm32l476xx.o(.text)
    DFSDM1_FLT0_IRQHandler                   0x080001b7   Thumb Code     0  startup_stm32l476xx.o(.text)
    DFSDM1_FLT1_IRQHandler                   0x080001b7   Thumb Code     0  startup_stm32l476xx.o(.text)
    DFSDM1_FLT2_IRQHandler                   0x080001b7   Thumb Code     0  startup_stm32l476xx.o(.text)
    DFSDM1_FLT3_IRQHandler                   0x080001b7   Thumb Code     0  startup_stm32l476xx.o(.text)
    DMA1_Channel4_IRQHandler                 0x080001b7   Thumb Code     0  startup_stm32l476xx.o(.text)
    DMA1_Channel5_IRQHandler                 0x080001b7   Thumb Code     0  startup_stm32l476xx.o(.text)
    DMA1_Channel6_IRQHandler                 0x080001b7   Thumb Code     0  startup_stm32l476xx.o(.text)
    DMA1_Channel7_IRQHandler                 0x080001b7   Thumb Code     0  startup_stm32l476xx.o(.text)
    DMA2_Channel1_IRQHandler                 0x080001b7   Thumb Code     0  startup_stm32l476xx.o(.text)
    DMA2_Channel2_IRQHandler                 0x080001b7   Thumb Code     0  startup_stm32l476xx.o(.text)
    DMA2_Channel3_IRQHandler                 0x080001b7   Thumb Code     0  startup_stm32l476xx.o(.text)
    DMA2_Channel6_IRQHandler                 0x080001b7   Thumb Code     0  startup_stm32l476xx.o(.text)
    DMA2_Channel7_IRQHandler                 0x080001b7   Thumb Code     0  startup_stm32l476xx.o(.text)
    EXTI0_IRQHandler                         0x080001b7   Thumb Code     0  startup_stm32l476xx.o(.text)
    EXTI15_10_IRQHandler                     0x080001b7   Thumb Code     0  startup_stm32l476xx.o(.text)
    EXTI1_IRQHandler                         0x080001b7   Thumb Code     0  startup_stm32l476xx.o(.text)
    EXTI2_IRQHandler                         0x080001b7   Thumb Code     0  startup_stm32l476xx.o(.text)
    EXTI3_IRQHandler                         0x080001b7   Thumb Code     0  startup_stm32l476xx.o(.text)
    EXTI4_IRQHandler                         0x080001b7   Thumb Code     0  startup_stm32l476xx.o(.text)
    FLASH_IRQHandler                         0x080001b7   Thumb Code     0  startup_stm32l476xx.o(.text)
    FMC_IRQHandler                           0x080001b7   Thumb Code     0  startup_stm32l476xx.o(.text)
    FPU_IRQHandler                           0x080001b7   Thumb Code     0  startup_stm32l476xx.o(.text)
    I2C1_ER_IRQHandler                       0x080001b7   Thumb Code     0  startup_stm32l476xx.o(.text)
    I2C1_EV_IRQHandler                       0x080001b7   Thumb Code     0  startup_stm32l476xx.o(.text)
    I2C2_ER_IRQHandler                       0x080001b7   Thumb Code     0  startup_stm32l476xx.o(.text)
    I2C2_EV_IRQHandler                       0x080001b7   Thumb Code     0  startup_stm32l476xx.o(.text)
    I2C3_ER_IRQHandler                       0x080001b7   Thumb Code     0  startup_stm32l476xx.o(.text)
    I2C3_EV_IRQHandler                       0x080001b7   Thumb Code     0  startup_stm32l476xx.o(.text)
    LCD_IRQHandler                           0x080001b7   Thumb Code     0  startup_stm32l476xx.o(.text)
    LPTIM1_IRQHandler                        0x080001b7   Thumb Code     0  startup_stm32l476xx.o(.text)
    LPTIM2_IRQHandler                        0x080001b7   Thumb Code     0  startup_stm32l476xx.o(.text)
    LPUART1_IRQHandler                       0x080001b7   Thumb Code     0  startup_stm32l476xx.o(.text)
    OTG_FS_IRQHandler                        0x080001b7   Thumb Code     0  startup_stm32l476xx.o(.text)
    PVD_PVM_IRQHandler                       0x080001b7   Thumb Code     0  startup_stm32l476xx.o(.text)
    QUADSPI_IRQHandler                       0x080001b7   Thumb Code     0  startup_stm32l476xx.o(.text)
    RCC_IRQHandler                           0x080001b7   Thumb Code     0  startup_stm32l476xx.o(.text)
    RNG_IRQHandler                           0x080001b7   Thumb Code     0  startup_stm32l476xx.o(.text)
    RTC_Alarm_IRQHandler                     0x080001b7   Thumb Code     0  startup_stm32l476xx.o(.text)
    RTC_WKUP_IRQHandler                      0x080001b7   Thumb Code     0  startup_stm32l476xx.o(.text)
    SAI1_IRQHandler                          0x080001b7   Thumb Code     0  startup_stm32l476xx.o(.text)
    SAI2_IRQHandler                          0x080001b7   Thumb Code     0  startup_stm32l476xx.o(.text)
    SPI1_IRQHandler                          0x080001b7   Thumb Code     0  startup_stm32l476xx.o(.text)
    SPI2_IRQHandler                          0x080001b7   Thumb Code     0  startup_stm32l476xx.o(.text)
    SPI3_IRQHandler                          0x080001b7   Thumb Code     0  startup_stm32l476xx.o(.text)
    SWPMI1_IRQHandler                        0x080001b7   Thumb Code     0  startup_stm32l476xx.o(.text)
    TAMP_STAMP_IRQHandler                    0x080001b7   Thumb Code     0  startup_stm32l476xx.o(.text)
    TIM1_BRK_TIM15_IRQHandler                0x080001b7   Thumb Code     0  startup_stm32l476xx.o(.text)
    TIM1_CC_IRQHandler                       0x080001b7   Thumb Code     0  startup_stm32l476xx.o(.text)
    TIM1_TRG_COM_TIM17_IRQHandler            0x080001b7   Thumb Code     0  startup_stm32l476xx.o(.text)
    TIM1_UP_TIM16_IRQHandler                 0x080001b7   Thumb Code     0  startup_stm32l476xx.o(.text)
    TIM2_IRQHandler                          0x080001b7   Thumb Code     0  startup_stm32l476xx.o(.text)
    TIM4_IRQHandler                          0x080001b7   Thumb Code     0  startup_stm32l476xx.o(.text)
    TIM5_IRQHandler                          0x080001b7   Thumb Code     0  startup_stm32l476xx.o(.text)
    TIM6_DAC_IRQHandler                      0x080001b7   Thumb Code     0  startup_stm32l476xx.o(.text)
    TIM7_IRQHandler                          0x080001b7   Thumb Code     0  startup_stm32l476xx.o(.text)
    TIM8_BRK_IRQHandler                      0x080001b7   Thumb Code     0  startup_stm32l476xx.o(.text)
    TIM8_CC_IRQHandler                       0x080001b7   Thumb Code     0  startup_stm32l476xx.o(.text)
    TIM8_TRG_COM_IRQHandler                  0x080001b7   Thumb Code     0  startup_stm32l476xx.o(.text)
    TIM8_UP_IRQHandler                       0x080001b7   Thumb Code     0  startup_stm32l476xx.o(.text)
    TSC_IRQHandler                           0x080001b7   Thumb Code     0  startup_stm32l476xx.o(.text)
    UART4_IRQHandler                         0x080001b7   Thumb Code     0  startup_stm32l476xx.o(.text)
    UART5_IRQHandler                         0x080001b7   Thumb Code     0  startup_stm32l476xx.o(.text)
    USART1_IRQHandler                        0x080001b7   Thumb Code     0  startup_stm32l476xx.o(.text)
    USART2_IRQHandler                        0x080001b7   Thumb Code     0  startup_stm32l476xx.o(.text)
    USART3_IRQHandler                        0x080001b7   Thumb Code     0  startup_stm32l476xx.o(.text)
    WWDG_IRQHandler                          0x080001b7   Thumb Code     0  startup_stm32l476xx.o(.text)
    __aeabi_uldivmod                         0x080001c1   Thumb Code    98  uldiv.o(.text)
    __aeabi_memcpy                           0x08000229   Thumb Code    36  memcpya.o(.text)
    __aeabi_memcpy4                          0x08000229   Thumb Code     0  memcpya.o(.text)
    __aeabi_memcpy8                          0x08000229   Thumb Code     0  memcpya.o(.text)
    __aeabi_memset                           0x0800024d   Thumb Code    14  memseta.o(.text)
    __aeabi_memset4                          0x0800024d   Thumb Code     0  memseta.o(.text)
    __aeabi_memset8                          0x0800024d   Thumb Code     0  memseta.o(.text)
    __aeabi_memclr                           0x0800025b   Thumb Code     4  memseta.o(.text)
    __aeabi_memclr4                          0x0800025b   Thumb Code     0  memseta.o(.text)
    __aeabi_memclr8                          0x0800025b   Thumb Code     0  memseta.o(.text)
    _memset$wrapper                          0x0800025f   Thumb Code    18  memseta.o(.text)
    __aeabi_uidiv                            0x08000271   Thumb Code     0  uidiv.o(.text)
    __aeabi_uidivmod                         0x08000271   Thumb Code    44  uidiv.o(.text)
    __aeabi_llsl                             0x0800029d   Thumb Code    30  llshl.o(.text)
    _ll_shift_l                              0x0800029d   Thumb Code     0  llshl.o(.text)
    __aeabi_llsr                             0x080002bb   Thumb Code    32  llushr.o(.text)
    _ll_ushift_r                             0x080002bb   Thumb Code     0  llushr.o(.text)
    __I$use$fp                               0x080002db   Thumb Code     0  iusefp.o(.text)
    __aeabi_dadd                             0x080002db   Thumb Code   322  dadd.o(.text)
    __aeabi_dsub                             0x0800041d   Thumb Code     6  dadd.o(.text)
    __aeabi_drsub                            0x08000423   Thumb Code     6  dadd.o(.text)
    __aeabi_dmul                             0x08000439   Thumb Code   228  dmul.o(.text)
    __aeabi_ddiv                             0x08000523   Thumb Code   222  ddiv.o(.text)
    __aeabi_d2ulz                            0x08000601   Thumb Code    48  dfixul.o(.text)
    __aeabi_cdrcmple                         0x08000631   Thumb Code    48  cdrcmple.o(.text)
    __scatterload                            0x08000661   Thumb Code    28  init.o(.text)
    __scatterload_rt2                        0x08000661   Thumb Code     0  init.o(.text)
    __aeabi_lasr                             0x08000685   Thumb Code    36  llsshr.o(.text)
    _ll_sshift_r                             0x08000685   Thumb Code     0  llsshr.o(.text)
    _double_round                            0x080006a9   Thumb Code    30  depilogue.o(.text)
    _double_epilogue                         0x080006c7   Thumb Code   156  depilogue.o(.text)
    ADC_ConversionStop                       0x08000765   Thumb Code   268  stm32l4xx_hal_adc.o(i.ADC_ConversionStop)
    ADC_DMAConvCplt                          0x0800087f   Thumb Code   146  stm32l4xx_hal_adc.o(i.ADC_DMAConvCplt)
    ADC_DMAError                             0x08000911   Thumb Code    30  stm32l4xx_hal_adc.o(i.ADC_DMAError)
    ADC_DMAHalfConvCplt                      0x0800092f   Thumb Code    14  stm32l4xx_hal_adc.o(i.ADC_DMAHalfConvCplt)
    ADC_Disable                              0x0800093d   Thumb Code   132  stm32l4xx_hal_adc.o(i.ADC_Disable)
    ADC_Enable                               0x080009c5   Thumb Code   116  stm32l4xx_hal_adc.o(i.ADC_Enable)
    ADCstart                                 0x08000a3d   Thumb Code    46  adc.o(i.ADCstart)
    BSP_PlatformIsDetected                   0x08000a81   Thumb Code    20  fatfs_platform.o(i.BSP_PlatformIsDetected)
    BSP_SD_AbortCallback                     0x08000a99   Thumb Code     2  bsp_driver_sd.o(i.BSP_SD_AbortCallback)
    BSP_SD_GetCardInfo                       0x08000a9d   Thumb Code    14  bsp_driver_sd.o(i.BSP_SD_GetCardInfo)
    BSP_SD_GetCardState                      0x08000ab1   Thumb Code    20  bsp_driver_sd.o(i.BSP_SD_GetCardState)
    BSP_SD_Init                              0x08000ac9   Thumb Code    44  bsp_driver_sd.o(i.BSP_SD_Init)
    BSP_SD_IsDetected                        0x08000af9   Thumb Code    22  bsp_driver_sd.o(i.BSP_SD_IsDetected)
    BSP_SD_ReadBlocks_DMA                    0x08000b11   Thumb Code    48  fatfs_user.o(i.BSP_SD_ReadBlocks_DMA)
    BSP_SD_ReadCpltCallback                  0x08000b45   Thumb Code     8  sd_diskio.o(i.BSP_SD_ReadCpltCallback)
    BSP_SD_WriteBlocks_DMA                   0x08000b51   Thumb Code    48  fatfs_user.o(i.BSP_SD_WriteBlocks_DMA)
    BSP_SD_WriteCpltCallback                 0x08000b85   Thumb Code     8  sd_diskio.o(i.BSP_SD_WriteCpltCallback)
    BusFault_Handler                         0x08000b91   Thumb Code     4  stm32l4xx_it.o(i.BusFault_Handler)
    Close_File_in_SD                         0x08000b95   Thumb Code    50  sdsave.o(i.Close_File_in_SD)
    Creat_File_in_SD                         0x08000bd9   Thumb Code    54  sdsave.o(i.Creat_File_in_SD)
    DMA1_Channel1_IRQHandler                 0x08000c2d   Thumb Code    10  stm32l4xx_it.o(i.DMA1_Channel1_IRQHandler)
    DMA1_Channel2_IRQHandler                 0x08000c3d   Thumb Code    10  stm32l4xx_it.o(i.DMA1_Channel2_IRQHandler)
    DMA1_Channel3_IRQHandler                 0x08000c4d   Thumb Code    10  stm32l4xx_it.o(i.DMA1_Channel3_IRQHandler)
    DMA2_Channel4_IRQHandler                 0x08000c5d   Thumb Code    10  stm32l4xx_it.o(i.DMA2_Channel4_IRQHandler)
    DMA2_Channel5_IRQHandler                 0x08000c6d   Thumb Code    10  stm32l4xx_it.o(i.DMA2_Channel5_IRQHandler)
    DebugMon_Handler                         0x08000cad   Thumb Code     2  stm32l4xx_it.o(i.DebugMon_Handler)
    EMGsave_SD                               0x08000cb1   Thumb Code   126  sdemgsave.o(i.EMGsave_SD)
    EXTI9_5_IRQHandler                       0x08000d3d   Thumb Code    10  stm32l4xx_it.o(i.EXTI9_5_IRQHandler)
    Error_Handler                            0x08000d47   Thumb Code     2  main.o(i.Error_Handler)
    FATFS_LinkDriver                         0x08000d49   Thumb Code    18  ff_gen_drv.o(i.FATFS_LinkDriver)
    FATFS_LinkDriverEx                       0x08000d5d   Thumb Code    78  ff_gen_drv.o(i.FATFS_LinkDriverEx)
    HAL_ADCEx_MultiModeConfigChannel         0x08000db1   Thumb Code   272  stm32l4xx_hal_adc_ex.o(i.HAL_ADCEx_MultiModeConfigChannel)
    HAL_ADC_ConfigChannel                    0x08000ed1   Thumb Code  1222  stm32l4xx_hal_adc.o(i.HAL_ADC_ConfigChannel)
    HAL_ADC_ConvCpltCallback                 0x080013bd   Thumb Code    92  adc.o(i.HAL_ADC_ConvCpltCallback)
    HAL_ADC_ConvHalfCpltCallback             0x0800143d   Thumb Code     2  stm32l4xx_hal_adc.o(i.HAL_ADC_ConvHalfCpltCallback)
    HAL_ADC_ErrorCallback                    0x0800143f   Thumb Code     2  stm32l4xx_hal_adc.o(i.HAL_ADC_ErrorCallback)
    HAL_ADC_Init                             0x08001441   Thumb Code   504  stm32l4xx_hal_adc.o(i.HAL_ADC_Init)
    HAL_ADC_MspInit                          0x08001665   Thumb Code   442  stm32l4xx_hal_msp.o(i.HAL_ADC_MspInit)
    HAL_ADC_Start_DMA                        0x08001849   Thumb Code   252  stm32l4xx_hal_adc.o(i.HAL_ADC_Start_DMA)
    HAL_ADC_Stop_DMA                         0x0800195d   Thumb Code   136  stm32l4xx_hal_adc.o(i.HAL_ADC_Stop_DMA)
    HAL_DMA_Abort                            0x080019e5   Thumb Code    90  stm32l4xx_hal_dma.o(i.HAL_DMA_Abort)
    HAL_DMA_Abort_IT                         0x08001a3f   Thumb Code    92  stm32l4xx_hal_dma.o(i.HAL_DMA_Abort_IT)
    HAL_DMA_DeInit                           0x08001a9d   Thumb Code   188  stm32l4xx_hal_dma.o(i.HAL_DMA_DeInit)
    HAL_DMA_IRQHandler                       0x08001b61   Thumb Code   254  stm32l4xx_hal_dma.o(i.HAL_DMA_IRQHandler)
    HAL_DMA_Init                             0x08001c61   Thumb Code   258  stm32l4xx_hal_dma.o(i.HAL_DMA_Init)
    HAL_DMA_Start_IT                         0x08001d6d   Thumb Code   156  stm32l4xx_hal_dma.o(i.HAL_DMA_Start_IT)
    HAL_Delay                                0x08001e09   Thumb Code    36  stm32l4xx_hal.o(i.HAL_Delay)
    HAL_GPIO_EXTI_Callback                   0x08001e31   Thumb Code     2  stm32l4xx_hal_gpio.o(i.HAL_GPIO_EXTI_Callback)
    HAL_GPIO_EXTI_IRQHandler                 0x08001e35   Thumb Code    24  stm32l4xx_hal_gpio.o(i.HAL_GPIO_EXTI_IRQHandler)
    HAL_GPIO_Init                            0x08001e51   Thumb Code   480  stm32l4xx_hal_gpio.o(i.HAL_GPIO_Init)
    HAL_GPIO_ReadPin                         0x08002055   Thumb Code    16  stm32l4xx_hal_gpio.o(i.HAL_GPIO_ReadPin)
    HAL_GPIO_WritePin                        0x08002065   Thumb Code    10  stm32l4xx_hal_gpio.o(i.HAL_GPIO_WritePin)
    HAL_GetTick                              0x08002071   Thumb Code     6  stm32l4xx_hal.o(i.HAL_GetTick)
    HAL_I2CEx_ConfigAnalogFilter             0x0800207d   Thumb Code   106  stm32l4xx_hal_i2c_ex.o(i.HAL_I2CEx_ConfigAnalogFilter)
    HAL_I2CEx_ConfigDigitalFilter            0x080020e7   Thumb Code   104  stm32l4xx_hal_i2c_ex.o(i.HAL_I2CEx_ConfigDigitalFilter)
    HAL_I2C_Init                             0x08002151   Thumb Code   192  stm32l4xx_hal_i2c.o(i.HAL_I2C_Init)
    HAL_I2C_MspInit                          0x08002215   Thumb Code   116  stm32l4xx_hal_msp.o(i.HAL_I2C_MspInit)
    HAL_IncTick                              0x08002295   Thumb Code    16  stm32l4xx_hal.o(i.HAL_IncTick)
    HAL_Init                                 0x080022ad   Thumb Code    30  stm32l4xx_hal.o(i.HAL_Init)
    HAL_InitTick                             0x080022cd   Thumb Code    74  stm32l4xx_hal.o(i.HAL_InitTick)
    HAL_MspInit                              0x08002325   Thumb Code    58  stm32l4xx_hal_msp.o(i.HAL_MspInit)
    HAL_NVIC_EnableIRQ                       0x08002365   Thumb Code    32  stm32l4xx_hal_cortex.o(i.HAL_NVIC_EnableIRQ)
    HAL_NVIC_SetPriority                     0x08002385   Thumb Code   124  stm32l4xx_hal_cortex.o(i.HAL_NVIC_SetPriority)
    HAL_NVIC_SetPriorityGrouping             0x08002409   Thumb Code    32  stm32l4xx_hal_cortex.o(i.HAL_NVIC_SetPriorityGrouping)
    HAL_PWREx_ControlVoltageScaling          0x08002431   Thumb Code   128  stm32l4xx_hal_pwr_ex.o(i.HAL_PWREx_ControlVoltageScaling)
    HAL_PWREx_EnableVddIO2                   0x080024bd   Thumb Code    14  stm32l4xx_hal_pwr_ex.o(i.HAL_PWREx_EnableVddIO2)
    HAL_PWREx_GetVoltageRange                0x080024d1   Thumb Code    10  stm32l4xx_hal_pwr_ex.o(i.HAL_PWREx_GetVoltageRange)
    HAL_RCCEx_PeriphCLKConfig                0x080024e1   Thumb Code  1230  stm32l4xx_hal_rcc_ex.o(i.HAL_RCCEx_PeriphCLKConfig)
    HAL_RCC_ClockConfig                      0x080029b5   Thumb Code   360  stm32l4xx_hal_rcc.o(i.HAL_RCC_ClockConfig)
    HAL_RCC_GetHCLKFreq                      0x08002b31   Thumb Code     6  stm32l4xx_hal_rcc.o(i.HAL_RCC_GetHCLKFreq)
    HAL_RCC_GetPCLK1Freq                     0x08002b3d   Thumb Code    26  stm32l4xx_hal_rcc.o(i.HAL_RCC_GetPCLK1Freq)
    HAL_RCC_GetPCLK2Freq                     0x08002b61   Thumb Code    26  stm32l4xx_hal_rcc.o(i.HAL_RCC_GetPCLK2Freq)
    HAL_RCC_GetSysClockFreq                  0x08002b85   Thumb Code   220  stm32l4xx_hal_rcc.o(i.HAL_RCC_GetSysClockFreq)
    HAL_RCC_OscConfig                        0x08002c71   Thumb Code  1772  stm32l4xx_hal_rcc.o(i.HAL_RCC_OscConfig)
    HAL_SD_AbortCallback                     0x0800336d   Thumb Code    10  bsp_driver_sd.o(i.HAL_SD_AbortCallback)
    HAL_SD_ConfigWideBusOperation            0x08003379   Thumb Code   190  stm32l4xx_hal_sd.o(i.HAL_SD_ConfigWideBusOperation)
    HAL_SD_ErrorCallback                     0x0800343d   Thumb Code     2  stm32l4xx_hal_sd.o(i.HAL_SD_ErrorCallback)
    HAL_SD_GetCardCSD                        0x08003441   Thumb Code   450  stm32l4xx_hal_sd.o(i.HAL_SD_GetCardCSD)
    HAL_SD_GetCardInfo                       0x08003609   Thumb Code    38  stm32l4xx_hal_sd.o(i.HAL_SD_GetCardInfo)
    HAL_SD_GetCardState                      0x0800362f   Thumb Code    36  stm32l4xx_hal_sd.o(i.HAL_SD_GetCardState)
    HAL_SD_IRQHandler                        0x08003655   Thumb Code   508  stm32l4xx_hal_sd.o(i.HAL_SD_IRQHandler)
    HAL_SD_Init                              0x08003859   Thumb Code    60  stm32l4xx_hal_sd.o(i.HAL_SD_Init)
    HAL_SD_InitCard                          0x08003895   Thumb Code   178  stm32l4xx_hal_sd.o(i.HAL_SD_InitCard)
    HAL_SD_MspInit                           0x0800394d   Thumb Code   300  stm32l4xx_hal_msp.o(i.HAL_SD_MspInit)
    HAL_SD_ReadBlocks_DMA                    0x08003a95   Thumb Code   280  stm32l4xx_hal_sd.o(i.HAL_SD_ReadBlocks_DMA)
    HAL_SD_RxCpltCallback                    0x08003bb9   Thumb Code    10  bsp_driver_sd.o(i.HAL_SD_RxCpltCallback)
    HAL_SD_TxCpltCallback                    0x08003bc3   Thumb Code    10  bsp_driver_sd.o(i.HAL_SD_TxCpltCallback)
    HAL_SD_WriteBlocks_DMA                   0x08003bcd   Thumb Code   284  stm32l4xx_hal_sd.o(i.HAL_SD_WriteBlocks_DMA)
    HAL_SPI_DMAStop                          0x08003cf5   Thumb Code    72  stm32l4xx_hal_spi.o(i.HAL_SPI_DMAStop)
    HAL_SPI_ErrorCallback                    0x08003d3d   Thumb Code     2  stm32l4xx_hal_spi.o(i.HAL_SPI_ErrorCallback)
    HAL_SPI_Init                             0x08003d3f   Thumb Code   192  stm32l4xx_hal_spi.o(i.HAL_SPI_Init)
    HAL_SPI_MspInit                          0x08003e01   Thumb Code   162  stm32l4xx_hal_msp.o(i.HAL_SPI_MspInit)
    HAL_SPI_Receive_DMA                      0x08003eb9   Thumb Code   392  stm32l4xx_hal_spi.o(i.HAL_SPI_Receive_DMA)
    HAL_SPI_RxCpltCallback                   0x0800404d   Thumb Code    54  adc.o(i.HAL_SPI_RxCpltCallback)
    HAL_SPI_RxHalfCpltCallback               0x08004099   Thumb Code     2  stm32l4xx_hal_spi.o(i.HAL_SPI_RxHalfCpltCallback)
    HAL_SPI_TransmitReceive_DMA              0x0800409d   Thumb Code   538  stm32l4xx_hal_spi.o(i.HAL_SPI_TransmitReceive_DMA)
    HAL_SPI_TxRxCpltCallback                 0x080042cd   Thumb Code     2  stm32l4xx_hal_spi.o(i.HAL_SPI_TxRxCpltCallback)
    HAL_SPI_TxRxHalfCpltCallback             0x080042cf   Thumb Code     2  stm32l4xx_hal_spi.o(i.HAL_SPI_TxRxHalfCpltCallback)
    HAL_SYSTICK_Config                       0x080042d1   Thumb Code    52  stm32l4xx_hal_cortex.o(i.HAL_SYSTICK_Config)
    HAL_TIMEx_Break2Callback                 0x08004305   Thumb Code     2  stm32l4xx_hal_tim_ex.o(i.HAL_TIMEx_Break2Callback)
    HAL_TIMEx_BreakCallback                  0x08004307   Thumb Code     2  stm32l4xx_hal_tim_ex.o(i.HAL_TIMEx_BreakCallback)
    HAL_TIMEx_CommutCallback                 0x08004309   Thumb Code     2  stm32l4xx_hal_tim_ex.o(i.HAL_TIMEx_CommutCallback)
    HAL_TIMEx_MasterConfigSynchronization    0x0800430d   Thumb Code   166  stm32l4xx_hal_tim_ex.o(i.HAL_TIMEx_MasterConfigSynchronization)
    HAL_TIM_Base_Init                        0x080043cd   Thumb Code    52  stm32l4xx_hal_tim.o(i.HAL_TIM_Base_Init)
    HAL_TIM_Base_MspInit                     0x08004401   Thumb Code    94  stm32l4xx_hal_msp.o(i.HAL_TIM_Base_MspInit)
    HAL_TIM_Base_Start                       0x08004469   Thumb Code    50  stm32l4xx_hal_tim.o(i.HAL_TIM_Base_Start)
    HAL_TIM_Base_Start_IT                    0x080044a1   Thumb Code    50  stm32l4xx_hal_tim.o(i.HAL_TIM_Base_Start_IT)
    HAL_TIM_ConfigClockSource                0x080044d9   Thumb Code   264  stm32l4xx_hal_tim.o(i.HAL_TIM_ConfigClockSource)
    HAL_TIM_IC_CaptureCallback               0x080045e5   Thumb Code     2  stm32l4xx_hal_tim.o(i.HAL_TIM_IC_CaptureCallback)
    HAL_TIM_IRQHandler                       0x080045e7   Thumb Code   440  stm32l4xx_hal_tim.o(i.HAL_TIM_IRQHandler)
    HAL_TIM_OC_ConfigChannel                 0x0800479f   Thumb Code   148  stm32l4xx_hal_tim.o(i.HAL_TIM_OC_ConfigChannel)
    HAL_TIM_OC_DelayElapsedCallback          0x08004835   Thumb Code    96  adc.o(i.HAL_TIM_OC_DelayElapsedCallback)
    HAL_TIM_OC_Init                          0x080048b9   Thumb Code    52  stm32l4xx_hal_tim.o(i.HAL_TIM_OC_Init)
    HAL_TIM_OC_MspInit                       0x080048ed   Thumb Code     2  stm32l4xx_hal_tim.o(i.HAL_TIM_OC_MspInit)
    HAL_TIM_OC_Start_IT                      0x080048f1   Thumb Code   188  stm32l4xx_hal_tim.o(i.HAL_TIM_OC_Start_IT)
    HAL_TIM_PWM_PulseFinishedCallback        0x080049c5   Thumb Code     2  stm32l4xx_hal_tim.o(i.HAL_TIM_PWM_PulseFinishedCallback)
    HAL_TIM_PeriodElapsedCallback            0x080049c7   Thumb Code     2  stm32l4xx_hal_tim.o(i.HAL_TIM_PeriodElapsedCallback)
    HAL_TIM_TriggerCallback                  0x080049c9   Thumb Code     2  stm32l4xx_hal_tim.o(i.HAL_TIM_TriggerCallback)
    HAL_UART_Init                            0x080049cb   Thumb Code   116  stm32l4xx_hal_uart.o(i.HAL_UART_Init)
    HAL_UART_MspInit                         0x08004a41   Thumb Code   112  stm32l4xx_hal_msp.o(i.HAL_UART_MspInit)
    HardFault_Handler                        0x08004ab9   Thumb Code     4  stm32l4xx_it.o(i.HardFault_Handler)
    MX_FATFS_Init                            0x08004fcd   Thumb Code    16  fatfs.o(i.MX_FATFS_Init)
    MemManage_Handler                        0x08005395   Thumb Code     4  stm32l4xx_it.o(i.MemManage_Handler)
    NMI_Handler                              0x08005399   Thumb Code     2  stm32l4xx_it.o(i.NMI_Handler)
    PendSV_Handler                           0x0800539b   Thumb Code     2  stm32l4xx_it.o(i.PendSV_Handler)
    SDMMC1_IRQHandler                        0x08005729   Thumb Code    10  stm32l4xx_it.o(i.SDMMC1_IRQHandler)
    SDMMC_CmdAppCommand                      0x08005739   Thumb Code    56  stm32l4xx_ll_sdmmc.o(i.SDMMC_CmdAppCommand)
    SDMMC_CmdAppOperCommand                  0x08005771   Thumb Code    54  stm32l4xx_ll_sdmmc.o(i.SDMMC_CmdAppOperCommand)
    SDMMC_CmdBlockLength                     0x080057ad   Thumb Code    56  stm32l4xx_ll_sdmmc.o(i.SDMMC_CmdBlockLength)
    SDMMC_CmdBusWidth                        0x080057e5   Thumb Code    56  stm32l4xx_ll_sdmmc.o(i.SDMMC_CmdBusWidth)
    SDMMC_CmdGoIdleState                     0x0800581d   Thumb Code    44  stm32l4xx_ll_sdmmc.o(i.SDMMC_CmdGoIdleState)
    SDMMC_CmdOperCond                        0x08005849   Thumb Code    52  stm32l4xx_ll_sdmmc.o(i.SDMMC_CmdOperCond)
    SDMMC_CmdReadMultiBlock                  0x0800587d   Thumb Code    56  stm32l4xx_ll_sdmmc.o(i.SDMMC_CmdReadMultiBlock)
    SDMMC_CmdReadSingleBlock                 0x080058b5   Thumb Code    56  stm32l4xx_ll_sdmmc.o(i.SDMMC_CmdReadSingleBlock)
    SDMMC_CmdSelDesel                        0x080058ed   Thumb Code    58  stm32l4xx_ll_sdmmc.o(i.SDMMC_CmdSelDesel)
    SDMMC_CmdSendCID                         0x08005927   Thumb Code    50  stm32l4xx_ll_sdmmc.o(i.SDMMC_CmdSendCID)
    SDMMC_CmdSendCSD                         0x08005959   Thumb Code    50  stm32l4xx_ll_sdmmc.o(i.SDMMC_CmdSendCSD)
    SDMMC_CmdSendSCR                         0x0800598b   Thumb Code    56  stm32l4xx_ll_sdmmc.o(i.SDMMC_CmdSendSCR)
    SDMMC_CmdSendStatus                      0x080059c3   Thumb Code    56  stm32l4xx_ll_sdmmc.o(i.SDMMC_CmdSendStatus)
    SDMMC_CmdSetRelAdd                       0x080059fb   Thumb Code    56  stm32l4xx_ll_sdmmc.o(i.SDMMC_CmdSetRelAdd)
    SDMMC_CmdStopTransfer                    0x08005a35   Thumb Code    54  stm32l4xx_ll_sdmmc.o(i.SDMMC_CmdStopTransfer)
    SDMMC_CmdWriteMultiBlock                 0x08005a71   Thumb Code    56  stm32l4xx_ll_sdmmc.o(i.SDMMC_CmdWriteMultiBlock)
    SDMMC_CmdWriteSingleBlock                0x08005aa9   Thumb Code    56  stm32l4xx_ll_sdmmc.o(i.SDMMC_CmdWriteSingleBlock)
    SDMMC_ConfigData                         0x08005ae1   Thumb Code    44  stm32l4xx_ll_sdmmc.o(i.SDMMC_ConfigData)
    SDMMC_GetCommandResponse                 0x08005ed9   Thumb Code     8  stm32l4xx_ll_sdmmc.o(i.SDMMC_GetCommandResponse)
    SDMMC_GetPowerState                      0x08005ee1   Thumb Code    10  stm32l4xx_ll_sdmmc.o(i.SDMMC_GetPowerState)
    SDMMC_GetResponse                        0x08005eeb   Thumb Code    12  stm32l4xx_ll_sdmmc.o(i.SDMMC_GetResponse)
    SDMMC_Init                               0x08005ef7   Thumb Code    52  stm32l4xx_ll_sdmmc.o(i.SDMMC_Init)
    SDMMC_PowerState_ON                      0x08005f2b   Thumb Code    18  stm32l4xx_ll_sdmmc.o(i.SDMMC_PowerState_ON)
    SDMMC_ReadFIFO                           0x08005f3d   Thumb Code     8  stm32l4xx_ll_sdmmc.o(i.SDMMC_ReadFIFO)
    SDMMC_SendCommand                        0x08005f45   Thumb Code    40  stm32l4xx_ll_sdmmc.o(i.SDMMC_SendCommand)
    SDMMC_WriteFIFO                          0x08005f6d   Thumb Code    12  stm32l4xx_ll_sdmmc.o(i.SDMMC_WriteFIFO)
    SD_DMAConfigRx                           0x08005fc9   Thumb Code    80  fatfs_user.o(i.SD_DMAConfigRx)
    SD_DMAConfigTx                           0x08006025   Thumb Code    82  fatfs_user.o(i.SD_DMAConfigTx)
    SD_init                                  0x0800667d   Thumb Code   162  sdsave.o(i.SD_init)
    SD_initialize                            0x0800674d   Thumb Code    26  sd_diskio.o(i.SD_initialize)
    SD_ioctl                                 0x0800676d   Thumb Code   102  sd_diskio.o(i.SD_ioctl)
    SD_read                                  0x080067d9   Thumb Code   138  sd_diskio.o(i.SD_read)
    SD_status                                0x08006869   Thumb Code    12  sd_diskio.o(i.SD_status)
    SD_write                                 0x08006875   Thumb Code   138  sd_diskio.o(i.SD_write)
    SVC_Handler                              0x08006c4b   Thumb Code     2  stm32l4xx_it.o(i.SVC_Handler)
    SwitcherCtl                              0x08006c4d   Thumb Code   206  adc.o(i.SwitcherCtl)
    SysTick_Handler                          0x08006d29   Thumb Code     8  stm32l4xx_it.o(i.SysTick_Handler)
    SystemClock_Config                       0x08006d31   Thumb Code   188  main.o(i.SystemClock_Config)
    SystemInit                               0x08006df1   Thumb Code    68  system_stm32l4xx.o(i.SystemInit)
    TIM3_IRQHandler                          0x08006e41   Thumb Code    10  stm32l4xx_it.o(i.TIM3_IRQHandler)
    TIM_Base_SetConfig                       0x08006e51   Thumb Code   170  stm32l4xx_hal_tim.o(i.TIM_Base_SetConfig)
    TIM_CCxChannelCmd                        0x08006f1d   Thumb Code    34  stm32l4xx_hal_tim.o(i.TIM_CCxChannelCmd)
    TIM_ETR_SetConfig                        0x08006f3f   Thumb Code    22  stm32l4xx_hal_tim.o(i.TIM_ETR_SetConfig)
    TIM_OC2_SetConfig                        0x08007015   Thumb Code   156  stm32l4xx_hal_tim.o(i.TIM_OC2_SetConfig)
    UART_AdvFeatureConfig                    0x0800731f   Thumb Code   248  stm32l4xx_hal_uart.o(i.UART_AdvFeatureConfig)
    UART_CheckIdleState                      0x08007417   Thumb Code   110  stm32l4xx_hal_uart.o(i.UART_CheckIdleState)
    UART_SetConfig                           0x08007485   Thumb Code  1132  stm32l4xx_hal_uart.o(i.UART_SetConfig)
    UART_WaitOnFlagUntilTimeout              0x080078f7   Thumb Code   180  stm32l4xx_hal_uart.o(i.UART_WaitOnFlagUntilTimeout)
    UsageFault_Handler                       0x080079ab   Thumb Code     4  stm32l4xx_it.o(i.UsageFault_Handler)
    Write_Node_in_SD                         0x080079b1   Thumb Code   448  sdsave.o(i.Write_Node_in_SD)
    __0sprintf                               0x08007b85   Thumb Code    34  printfa.o(i.__0sprintf)
    __1sprintf                               0x08007b85   Thumb Code     0  printfa.o(i.__0sprintf)
    __2sprintf                               0x08007b85   Thumb Code     0  printfa.o(i.__0sprintf)
    __c89sprintf                             0x08007b85   Thumb Code     0  printfa.o(i.__0sprintf)
    sprintf                                  0x08007b85   Thumb Code     0  printfa.o(i.__0sprintf)
    __scatterload_copy                       0x08007be5   Thumb Code    14  handlers.o(i.__scatterload_copy)
    __scatterload_null                       0x08007bf3   Thumb Code     2  handlers.o(i.__scatterload_null)
    __scatterload_zeroinit                   0x08007bf5   Thumb Code    14  handlers.o(i.__scatterload_zeroinit)
    disk_initialize                          0x08009005   Thumb Code    40  diskio.o(i.disk_initialize)
    disk_ioctl                               0x08009031   Thumb Code    36  diskio.o(i.disk_ioctl)
    disk_read                                0x08009059   Thumb Code    42  diskio.o(i.disk_read)
    disk_status                              0x08009089   Thumb Code    24  diskio.o(i.disk_status)
    disk_write                               0x080090a5   Thumb Code    42  diskio.o(i.disk_write)
    f_close                                  0x080090fd   Thumb Code    44  ff.o(i.f_close)
    f_mkdir                                  0x08009129   Thumb Code   360  ff.o(i.f_mkdir)
    f_mkfs                                   0x08009291   Thumb Code  1654  ff.o(i.f_mkfs)
    f_mount                                  0x0800991d   Thumb Code    92  ff.o(i.f_mount)
    f_open                                   0x0800997d   Thumb Code   570  ff.o(i.f_open)
    f_opendir                                0x08009bbd   Thumb Code   152  ff.o(i.f_opendir)
    f_readdir                                0x08009c55   Thumb Code    92  ff.o(i.f_readdir)
    f_stat                                   0x08009cb1   Thumb Code    72  ff.o(i.f_stat)
    f_sync                                   0x08009cf9   Thumb Code   160  ff.o(i.f_sync)
    f_unlink                                 0x08009d99   Thumb Code   192  ff.o(i.f_unlink)
    f_write                                  0x08009e59   Thumb Code   494  ff.o(i.f_write)
    ff_convert                               0x0800a04d   Thumb Code   116  cc936.o(i.ff_convert)
    ff_wtoupper                              0x0800a0c9   Thumb Code   156  cc936.o(i.ff_wtoupper)
    get_fattime                              0x0800a6c7   Thumb Code     4  fatfs.o(i.get_fattime)
    main                                     0x0800a975   Thumb Code   104  main.o(i.main)
    SD_Driver                                0x0800aed4   Data          20  sd_diskio.o(.constdata)
    AHBPrescTable                            0x0800aee8   Data          16  system_stm32l4xx.o(.constdata)
    APBPrescTable                            0x0800aef8   Data           8  system_stm32l4xx.o(.constdata)
    MSIRangeTable                            0x0800af00   Data          48  system_stm32l4xx.o(.constdata)
    Data_path_name                           0x08035b10   Data           5  sdsave.o(.constdata)
    Region$$Table$$Base                      0x08035b18   Number         0  anon$$obj.o(Region$$Table)
    Region$$Table$$Limit                     0x08035b38   Number         0  anon$$obj.o(Region$$Table)
    retSD                                    0x2000000c   Data           1  fatfs.o(.data)
    SDPath                                   0x2000000d   Data           4  fatfs.o(.data)
    uwTick                                   0x20000018   Data           4  stm32l4xx_hal.o(.data)
    uwTickPrio                               0x2000001c   Data           4  stm32l4xx_hal.o(.data)
    uwTickFreq                               0x20000020   Data           4  stm32l4xx_hal.o(.data)
    SystemCoreClock                          0x20000024   Data           4  system_stm32l4xx.o(.data)
    flag_EMG_TDM                             0x2000002c   Data           4  adc.o(.data)
    flag_EMG_MCM_Master                      0x20000030   Data           4  adc.o(.data)
    flag_EMG_MCM_Slave                       0x20000034   Data           4  adc.o(.data)
    ADCstate                                 0x20000038   Data           1  adc.o(.data)
    flagbufADC                               0x20000039   Data           1  adc.o(.data)
    first_begin                              0x2000003a   Data           1  adc.o(.data)
    Data_file_num                            0x20000048   Data           4  sdsave.o(.data)
    hadc1                                    0x20000054   Data         100  main.o(.bss)
    hadc3                                    0x200000b8   Data         100  main.o(.bss)
    hdma_adc1                                0x2000011c   Data          72  main.o(.bss)
    hdma_adc3                                0x20000164   Data          72  main.o(.bss)
    hi2c1                                    0x200001ac   Data          76  main.o(.bss)
    hsd1                                     0x200001f8   Data         132  main.o(.bss)
    hdma_sdmmc1_rx                           0x2000027c   Data          72  main.o(.bss)
    hdma_sdmmc1_tx                           0x200002c4   Data          72  main.o(.bss)
    hspi1                                    0x2000030c   Data         100  main.o(.bss)
    hdma_spi1_rx                             0x20000370   Data          72  main.o(.bss)
    htim2                                    0x200003b8   Data          64  main.o(.bss)
    htim3                                    0x200003f8   Data          64  main.o(.bss)
    huart1                                   0x20000438   Data         128  main.o(.bss)
    SDFatFS                                  0x200004b8   Data         564  fatfs.o(.bss)
    SDFile                                   0x200006ec   Data         560  fatfs.o(.bss)
    watchbuf                                 0x2000091c   Data         960  adc.o(.bss)
    bufMCM_Master                            0x20000cdc   Data         960  adc.o(.bss)
    bufMCM_Slave                             0x2000109c   Data         960  adc.o(.bss)
    bufTDM1                                  0x2000145c   Data        1920  adc.o(.bss)
    EMGACCs                                  0x20001bdc   Data        3888  adc.o(.bss)
    disk                                     0x20002b2c   Data          12  ff_gen_drv.o(.bss)
    Data_path                                0x20002b38   Data          10  sdsave.o(.bss)
    work                                     0x20002b42   Data         512  sdsave.o(.bss)
    fno                                      0x20002d44   Data         280  sdsave.o(.bss)
    dir                                      0x20002e5c   Data          52  sdsave.o(.bss)
    wtext                                    0x20002e90   Data         100  sdsave.o(.bss)
    filename                                 0x20002ef4   Data          20  sdsave.o(.bss)
    __initial_sp                             0x20005f08   Data           0  startup_stm32l476xx.o(STACK)



==============================================================================

Memory Map of the image

  Image Entry point : 0x08000189

  Load Region LR_IROM1 (Base: 0x08000000, Size: 0x00035b8c, Max: 0x00100000, ABSOLUTE)

    Execution Region ER_IROM1 (Exec base: 0x08000000, Load base: 0x08000000, Size: 0x00035b38, Max: 0x00100000, ABSOLUTE)

    Exec Addr    Load Addr    Size         Type   Attr      Idx    E Section Name        Object

    0x08000000   0x08000000   0x00000188   Data   RO            3    RESET               startup_stm32l476xx.o
    0x08000188   0x08000188   0x00000000   Code   RO         6762  * .ARM.Collect$$$$00000000  mc_w.l(entry.o)
    0x08000188   0x08000188   0x00000004   Code   RO         7038    .ARM.Collect$$$$00000001  mc_w.l(entry2.o)
    0x0800018c   0x0800018c   0x00000004   Code   RO         7041    .ARM.Collect$$$$00000004  mc_w.l(entry5.o)
    0x08000190   0x08000190   0x00000000   Code   RO         7043    .ARM.Collect$$$$00000008  mc_w.l(entry7b.o)
    0x08000190   0x08000190   0x00000000   Code   RO         7045    .ARM.Collect$$$$0000000A  mc_w.l(entry8b.o)
    0x08000190   0x08000190   0x00000008   Code   RO         7046    .ARM.Collect$$$$0000000B  mc_w.l(entry9a.o)
    0x08000198   0x08000198   0x00000000   Code   RO         7048    .ARM.Collect$$$$0000000D  mc_w.l(entry10a.o)
    0x08000198   0x08000198   0x00000000   Code   RO         7050    .ARM.Collect$$$$0000000F  mc_w.l(entry11a.o)
    0x08000198   0x08000198   0x00000004   Code   RO         7039    .ARM.Collect$$$$00002712  mc_w.l(entry2.o)
    0x0800019c   0x0800019c   0x00000024   Code   RO            4    .text               startup_stm32l476xx.o
    0x080001c0   0x080001c0   0x00000068   Code   RO         6765    .text               mc_w.l(uldiv.o)
    0x08000228   0x08000228   0x00000024   Code   RO         6767    .text               mc_w.l(memcpya.o)
    0x0800024c   0x0800024c   0x00000024   Code   RO         6769    .text               mc_w.l(memseta.o)
    0x08000270   0x08000270   0x0000002c   Code   RO         7052    .text               mc_w.l(uidiv.o)
    0x0800029c   0x0800029c   0x0000001e   Code   RO         7054    .text               mc_w.l(llshl.o)
    0x080002ba   0x080002ba   0x00000020   Code   RO         7056    .text               mc_w.l(llushr.o)
    0x080002da   0x080002da   0x00000000   Code   RO         7058    .text               mc_w.l(iusefp.o)
    0x080002da   0x080002da   0x0000015e   Code   RO         7059    .text               mf_w.l(dadd.o)
    0x08000438   0x08000438   0x000000ea   Code   RO         7061    .text               mf_w.l(dmul.o)
    0x08000522   0x08000522   0x000000de   Code   RO         7063    .text               mf_w.l(ddiv.o)
    0x08000600   0x08000600   0x00000030   Code   RO         7065    .text               mf_w.l(dfixul.o)
    0x08000630   0x08000630   0x00000030   Code   RO         7067    .text               mf_w.l(cdrcmple.o)
    0x08000660   0x08000660   0x00000024   Code   RO         7069    .text               mc_w.l(init.o)
    0x08000684   0x08000684   0x00000024   Code   RO         7071    .text               mc_w.l(llsshr.o)
    0x080006a8   0x080006a8   0x000000ba   Code   RO         7073    .text               mf_w.l(depilogue.o)
    0x08000762   0x08000762   0x00000002   PAD
    0x08000764   0x08000764   0x0000011a   Code   RO          765    i.ADC_ConversionStop  stm32l4xx_hal_adc.o
    0x0800087e   0x0800087e   0x00000092   Code   RO          766    i.ADC_DMAConvCplt   stm32l4xx_hal_adc.o
    0x08000910   0x08000910   0x0000001e   Code   RO          767    i.ADC_DMAError      stm32l4xx_hal_adc.o
    0x0800092e   0x0800092e   0x0000000e   Code   RO          768    i.ADC_DMAHalfConvCplt  stm32l4xx_hal_adc.o
    0x0800093c   0x0800093c   0x00000088   Code   RO          769    i.ADC_Disable       stm32l4xx_hal_adc.o
    0x080009c4   0x080009c4   0x00000078   Code   RO          770    i.ADC_Enable        stm32l4xx_hal_adc.o
    0x08000a3c   0x08000a3c   0x00000044   Code   RO         5604    i.ADCstart          adc.o
    0x08000a80   0x08000a80   0x00000018   Code   RO          518    i.BSP_PlatformIsDetected  fatfs_platform.o
    0x08000a98   0x08000a98   0x00000002   Code   RO          286    i.BSP_SD_AbortCallback  bsp_driver_sd.o
    0x08000a9a   0x08000a9a   0x00000002   PAD
    0x08000a9c   0x08000a9c   0x00000014   Code   RO          288    i.BSP_SD_GetCardInfo  bsp_driver_sd.o
    0x08000ab0   0x08000ab0   0x00000018   Code   RO          289    i.BSP_SD_GetCardState  bsp_driver_sd.o
    0x08000ac8   0x08000ac8   0x00000030   Code   RO          291    i.BSP_SD_Init       bsp_driver_sd.o
    0x08000af8   0x08000af8   0x00000016   Code   RO          292    i.BSP_SD_IsDetected  bsp_driver_sd.o
    0x08000b0e   0x08000b0e   0x00000002   PAD
    0x08000b10   0x08000b10   0x00000034   Code   RO         6260    i.BSP_SD_ReadBlocks_DMA  fatfs_user.o
    0x08000b44   0x08000b44   0x0000000c   Code   RO          401    i.BSP_SD_ReadCpltCallback  sd_diskio.o
    0x08000b50   0x08000b50   0x00000034   Code   RO         6261    i.BSP_SD_WriteBlocks_DMA  fatfs_user.o
    0x08000b84   0x08000b84   0x0000000c   Code   RO          402    i.BSP_SD_WriteCpltCallback  sd_diskio.o
    0x08000b90   0x08000b90   0x00000004   Code   RO          542    i.BusFault_Handler  stm32l4xx_it.o
    0x08000b94   0x08000b94   0x00000044   Code   RO         6351    i.Close_File_in_SD  sdsave.o
    0x08000bd8   0x08000bd8   0x00000054   Code   RO         6352    i.Creat_File_in_SD  sdsave.o
    0x08000c2c   0x08000c2c   0x00000010   Code   RO          543    i.DMA1_Channel1_IRQHandler  stm32l4xx_it.o
    0x08000c3c   0x08000c3c   0x00000010   Code   RO          544    i.DMA1_Channel2_IRQHandler  stm32l4xx_it.o
    0x08000c4c   0x08000c4c   0x00000010   Code   RO          545    i.DMA1_Channel3_IRQHandler  stm32l4xx_it.o
    0x08000c5c   0x08000c5c   0x00000010   Code   RO          546    i.DMA2_Channel4_IRQHandler  stm32l4xx_it.o
    0x08000c6c   0x08000c6c   0x00000010   Code   RO          547    i.DMA2_Channel5_IRQHandler  stm32l4xx_it.o
    0x08000c7c   0x08000c7c   0x00000030   Code   RO         2553    i.DMA_SetConfig     stm32l4xx_hal_dma.o
    0x08000cac   0x08000cac   0x00000002   Code   RO          548    i.DebugMon_Handler  stm32l4xx_it.o
    0x08000cae   0x08000cae   0x00000002   PAD
    0x08000cb0   0x08000cb0   0x0000008c   Code   RO         6408    i.EMGsave_SD        sdemgsave.o
    0x08000d3c   0x08000d3c   0x0000000a   Code   RO          549    i.EXTI9_5_IRQHandler  stm32l4xx_it.o
    0x08000d46   0x08000d46   0x00000002   Code   RO           13    i.Error_Handler     main.o
    0x08000d48   0x08000d48   0x00000012   Code   RO         6154    i.FATFS_LinkDriver  ff_gen_drv.o
    0x08000d5a   0x08000d5a   0x00000002   PAD
    0x08000d5c   0x08000d5c   0x00000054   Code   RO         6155    i.FATFS_LinkDriverEx  ff_gen_drv.o
    0x08000db0   0x08000db0   0x00000120   Code   RO         1048    i.HAL_ADCEx_MultiModeConfigChannel  stm32l4xx_hal_adc_ex.o
    0x08000ed0   0x08000ed0   0x000004ea   Code   RO          772    i.HAL_ADC_ConfigChannel  stm32l4xx_hal_adc.o
    0x080013ba   0x080013ba   0x00000002   PAD
    0x080013bc   0x080013bc   0x00000080   Code   RO         5605    i.HAL_ADC_ConvCpltCallback  adc.o
    0x0800143c   0x0800143c   0x00000002   Code   RO          774    i.HAL_ADC_ConvHalfCpltCallback  stm32l4xx_hal_adc.o
    0x0800143e   0x0800143e   0x00000002   Code   RO          776    i.HAL_ADC_ErrorCallback  stm32l4xx_hal_adc.o
    0x08001440   0x08001440   0x00000222   Code   RO          781    i.HAL_ADC_Init      stm32l4xx_hal_adc.o
    0x08001662   0x08001662   0x00000002   PAD
    0x08001664   0x08001664   0x000001e4   Code   RO          667    i.HAL_ADC_MspInit   stm32l4xx_hal_msp.o
    0x08001848   0x08001848   0x00000114   Code   RO          788    i.HAL_ADC_Start_DMA  stm32l4xx_hal_adc.o
    0x0800195c   0x0800195c   0x00000088   Code   RO          791    i.HAL_ADC_Stop_DMA  stm32l4xx_hal_adc.o
    0x080019e4   0x080019e4   0x0000005a   Code   RO         2554    i.HAL_DMA_Abort     stm32l4xx_hal_dma.o
    0x08001a3e   0x08001a3e   0x0000005c   Code   RO         2555    i.HAL_DMA_Abort_IT  stm32l4xx_hal_dma.o
    0x08001a9a   0x08001a9a   0x00000002   PAD
    0x08001a9c   0x08001a9c   0x000000c4   Code   RO         2556    i.HAL_DMA_DeInit    stm32l4xx_hal_dma.o
    0x08001b60   0x08001b60   0x000000fe   Code   RO         2559    i.HAL_DMA_IRQHandler  stm32l4xx_hal_dma.o
    0x08001c5e   0x08001c5e   0x00000002   PAD
    0x08001c60   0x08001c60   0x0000010c   Code   RO         2560    i.HAL_DMA_Init      stm32l4xx_hal_dma.o
    0x08001d6c   0x08001d6c   0x0000009c   Code   RO         2564    i.HAL_DMA_Start_IT  stm32l4xx_hal_dma.o
    0x08001e08   0x08001e08   0x00000028   Code   RO         1264    i.HAL_Delay         stm32l4xx_hal.o
    0x08001e30   0x08001e30   0x00000002   Code   RO         2488    i.HAL_GPIO_EXTI_Callback  stm32l4xx_hal_gpio.o
    0x08001e32   0x08001e32   0x00000002   PAD
    0x08001e34   0x08001e34   0x0000001c   Code   RO         2489    i.HAL_GPIO_EXTI_IRQHandler  stm32l4xx_hal_gpio.o
    0x08001e50   0x08001e50   0x00000204   Code   RO         2490    i.HAL_GPIO_Init     stm32l4xx_hal_gpio.o
    0x08002054   0x08002054   0x00000010   Code   RO         2492    i.HAL_GPIO_ReadPin  stm32l4xx_hal_gpio.o
    0x08002064   0x08002064   0x0000000a   Code   RO         2494    i.HAL_GPIO_WritePin  stm32l4xx_hal_gpio.o
    0x0800206e   0x0800206e   0x00000002   PAD
    0x08002070   0x08002070   0x0000000c   Code   RO         1268    i.HAL_GetTick       stm32l4xx_hal.o
    0x0800207c   0x0800207c   0x0000006a   Code   RO         1953    i.HAL_I2CEx_ConfigAnalogFilter  stm32l4xx_hal_i2c_ex.o
    0x080020e6   0x080020e6   0x00000068   Code   RO         1954    i.HAL_I2CEx_ConfigDigitalFilter  stm32l4xx_hal_i2c_ex.o
    0x0800214e   0x0800214e   0x00000002   PAD
    0x08002150   0x08002150   0x000000c4   Code   RO         1502    i.HAL_I2C_Init      stm32l4xx_hal_i2c.o
    0x08002214   0x08002214   0x00000080   Code   RO          669    i.HAL_I2C_MspInit   stm32l4xx_hal_msp.o
    0x08002294   0x08002294   0x00000018   Code   RO         1274    i.HAL_IncTick       stm32l4xx_hal.o
    0x080022ac   0x080022ac   0x0000001e   Code   RO         1275    i.HAL_Init          stm32l4xx_hal.o
    0x080022ca   0x080022ca   0x00000002   PAD
    0x080022cc   0x080022cc   0x00000058   Code   RO         1276    i.HAL_InitTick      stm32l4xx_hal.o
    0x08002324   0x08002324   0x00000040   Code   RO          670    i.HAL_MspInit       stm32l4xx_hal_msp.o
    0x08002364   0x08002364   0x00000020   Code   RO         3037    i.HAL_NVIC_EnableIRQ  stm32l4xx_hal_cortex.o
    0x08002384   0x08002384   0x00000082   Code   RO         3043    i.HAL_NVIC_SetPriority  stm32l4xx_hal_cortex.o
    0x08002406   0x08002406   0x00000002   PAD
    0x08002408   0x08002408   0x00000028   Code   RO         3044    i.HAL_NVIC_SetPriorityGrouping  stm32l4xx_hal_cortex.o
    0x08002430   0x08002430   0x0000008c   Code   RO         2781    i.HAL_PWREx_ControlVoltageScaling  stm32l4xx_hal_pwr_ex.o
    0x080024bc   0x080024bc   0x00000014   Code   RO         2806    i.HAL_PWREx_EnableVddIO2  stm32l4xx_hal_pwr_ex.o
    0x080024d0   0x080024d0   0x00000010   Code   RO         2812    i.HAL_PWREx_GetVoltageRange  stm32l4xx_hal_pwr_ex.o
    0x080024e0   0x080024e0   0x000004d4   Code   RO         2123    i.HAL_RCCEx_PeriphCLKConfig  stm32l4xx_hal_rcc_ex.o
    0x080029b4   0x080029b4   0x0000017c   Code   RO         2008    i.HAL_RCC_ClockConfig  stm32l4xx_hal_rcc.o
    0x08002b30   0x08002b30   0x0000000c   Code   RO         2012    i.HAL_RCC_GetHCLKFreq  stm32l4xx_hal_rcc.o
    0x08002b3c   0x08002b3c   0x00000024   Code   RO         2014    i.HAL_RCC_GetPCLK1Freq  stm32l4xx_hal_rcc.o
    0x08002b60   0x08002b60   0x00000024   Code   RO         2015    i.HAL_RCC_GetPCLK2Freq  stm32l4xx_hal_rcc.o
    0x08002b84   0x08002b84   0x000000ec   Code   RO         2016    i.HAL_RCC_GetSysClockFreq  stm32l4xx_hal_rcc.o
    0x08002c70   0x08002c70   0x000006fc   Code   RO         2019    i.HAL_RCC_OscConfig  stm32l4xx_hal_rcc.o
    0x0800336c   0x0800336c   0x0000000a   Code   RO          299    i.HAL_SD_AbortCallback  bsp_driver_sd.o
    0x08003376   0x08003376   0x00000002   PAD
    0x08003378   0x08003378   0x000000c4   Code   RO         3529    i.HAL_SD_ConfigWideBusOperation  stm32l4xx_hal_sd.o
    0x0800343c   0x0800343c   0x00000002   Code   RO         3532    i.HAL_SD_ErrorCallback  stm32l4xx_hal_sd.o
    0x0800343e   0x0800343e   0x00000002   PAD
    0x08003440   0x08003440   0x000001c8   Code   RO         3534    i.HAL_SD_GetCardCSD  stm32l4xx_hal_sd.o
    0x08003608   0x08003608   0x00000026   Code   RO         3535    i.HAL_SD_GetCardInfo  stm32l4xx_hal_sd.o
    0x0800362e   0x0800362e   0x00000024   Code   RO         3536    i.HAL_SD_GetCardState  stm32l4xx_hal_sd.o
    0x08003652   0x08003652   0x00000002   PAD
    0x08003654   0x08003654   0x00000204   Code   RO         3540    i.HAL_SD_IRQHandler  stm32l4xx_hal_sd.o
    0x08003858   0x08003858   0x0000003c   Code   RO         3541    i.HAL_SD_Init       stm32l4xx_hal_sd.o
    0x08003894   0x08003894   0x000000b8   Code   RO         3542    i.HAL_SD_InitCard   stm32l4xx_hal_sd.o
    0x0800394c   0x0800394c   0x00000148   Code   RO          672    i.HAL_SD_MspInit    stm32l4xx_hal_msp.o
    0x08003a94   0x08003a94   0x00000124   Code   RO         3546    i.HAL_SD_ReadBlocks_DMA  stm32l4xx_hal_sd.o
    0x08003bb8   0x08003bb8   0x0000000a   Code   RO          300    i.HAL_SD_RxCpltCallback  bsp_driver_sd.o
    0x08003bc2   0x08003bc2   0x0000000a   Code   RO          301    i.HAL_SD_TxCpltCallback  bsp_driver_sd.o
    0x08003bcc   0x08003bcc   0x00000128   Code   RO         3551    i.HAL_SD_WriteBlocks_DMA  stm32l4xx_hal_sd.o
    0x08003cf4   0x08003cf4   0x00000048   Code   RO         3804    i.HAL_SPI_DMAStop   stm32l4xx_hal_spi.o
    0x08003d3c   0x08003d3c   0x00000002   Code   RO         3806    i.HAL_SPI_ErrorCallback  stm32l4xx_hal_spi.o
    0x08003d3e   0x08003d3e   0x000000c0   Code   RO         3810    i.HAL_SPI_Init      stm32l4xx_hal_spi.o
    0x08003dfe   0x08003dfe   0x00000002   PAD
    0x08003e00   0x08003e00   0x000000b8   Code   RO          674    i.HAL_SPI_MspInit   stm32l4xx_hal_msp.o
    0x08003eb8   0x08003eb8   0x00000194   Code   RO         3814    i.HAL_SPI_Receive_DMA  stm32l4xx_hal_spi.o
    0x0800404c   0x0800404c   0x0000004c   Code   RO         5606    i.HAL_SPI_RxCpltCallback  adc.o
    0x08004098   0x08004098   0x00000002   Code   RO         3817    i.HAL_SPI_RxHalfCpltCallback  stm32l4xx_hal_spi.o
    0x0800409a   0x0800409a   0x00000002   PAD
    0x0800409c   0x0800409c   0x00000230   Code   RO         3820    i.HAL_SPI_TransmitReceive_DMA  stm32l4xx_hal_spi.o
    0x080042cc   0x080042cc   0x00000002   Code   RO         3826    i.HAL_SPI_TxRxCpltCallback  stm32l4xx_hal_spi.o
    0x080042ce   0x080042ce   0x00000002   Code   RO         3827    i.HAL_SPI_TxRxHalfCpltCallback  stm32l4xx_hal_spi.o
    0x080042d0   0x080042d0   0x00000034   Code   RO         3048    i.HAL_SYSTICK_Config  stm32l4xx_hal_cortex.o
    0x08004304   0x08004304   0x00000002   Code   RO         4848    i.HAL_TIMEx_Break2Callback  stm32l4xx_hal_tim_ex.o
    0x08004306   0x08004306   0x00000002   Code   RO         4849    i.HAL_TIMEx_BreakCallback  stm32l4xx_hal_tim_ex.o
    0x08004308   0x08004308   0x00000002   Code   RO         4850    i.HAL_TIMEx_CommutCallback  stm32l4xx_hal_tim_ex.o
    0x0800430a   0x0800430a   0x00000002   PAD
    0x0800430c   0x0800430c   0x000000c0   Code   RO         4869    i.HAL_TIMEx_MasterConfigSynchronization  stm32l4xx_hal_tim_ex.o
    0x080043cc   0x080043cc   0x00000034   Code   RO         4152    i.HAL_TIM_Base_Init  stm32l4xx_hal_tim.o
    0x08004400   0x08004400   0x00000068   Code   RO          676    i.HAL_TIM_Base_MspInit  stm32l4xx_hal_msp.o
    0x08004468   0x08004468   0x00000038   Code   RO         4155    i.HAL_TIM_Base_Start  stm32l4xx_hal_tim.o
    0x080044a0   0x080044a0   0x00000038   Code   RO         4157    i.HAL_TIM_Base_Start_IT  stm32l4xx_hal_tim.o
    0x080044d8   0x080044d8   0x0000010c   Code   RO         4161    i.HAL_TIM_ConfigClockSource  stm32l4xx_hal_tim.o
    0x080045e4   0x080045e4   0x00000002   Code   RO         4181    i.HAL_TIM_IC_CaptureCallback  stm32l4xx_hal_tim.o
    0x080045e6   0x080045e6   0x000001b8   Code   RO         4195    i.HAL_TIM_IRQHandler  stm32l4xx_hal_tim.o
    0x0800479e   0x0800479e   0x00000094   Code   RO         4196    i.HAL_TIM_OC_ConfigChannel  stm32l4xx_hal_tim.o
    0x08004832   0x08004832   0x00000002   PAD
    0x08004834   0x08004834   0x00000084   Code   RO         5607    i.HAL_TIM_OC_DelayElapsedCallback  adc.o
    0x080048b8   0x080048b8   0x00000034   Code   RO         4200    i.HAL_TIM_OC_Init   stm32l4xx_hal_tim.o
    0x080048ec   0x080048ec   0x00000002   Code   RO         4202    i.HAL_TIM_OC_MspInit  stm32l4xx_hal_tim.o
    0x080048ee   0x080048ee   0x00000002   PAD
    0x080048f0   0x080048f0   0x000000d4   Code   RO         4205    i.HAL_TIM_OC_Start_IT  stm32l4xx_hal_tim.o
    0x080049c4   0x080049c4   0x00000002   Code   RO         4225    i.HAL_TIM_PWM_PulseFinishedCallback  stm32l4xx_hal_tim.o
    0x080049c6   0x080049c6   0x00000002   Code   RO         4233    i.HAL_TIM_PeriodElapsedCallback  stm32l4xx_hal_tim.o
    0x080049c8   0x080049c8   0x00000002   Code   RO         4238    i.HAL_TIM_TriggerCallback  stm32l4xx_hal_tim.o
    0x080049ca   0x080049ca   0x00000074   Code   RO         5145    i.HAL_UART_Init     stm32l4xx_hal_uart.o
    0x08004a3e   0x08004a3e   0x00000002   PAD
    0x08004a40   0x08004a40   0x00000078   Code   RO          678    i.HAL_UART_MspInit  stm32l4xx_hal_msp.o
    0x08004ab8   0x08004ab8   0x00000004   Code   RO          550    i.HardFault_Handler  stm32l4xx_it.o
    0x08004abc   0x08004abc   0x00000010   Code   RO          794    i.LL_ADC_Enable     stm32l4xx_hal_adc.o
    0x08004acc   0x08004acc   0x0000000a   Code   RO          795    i.LL_ADC_GetMultimode  stm32l4xx_hal_adc.o
    0x08004ad6   0x08004ad6   0x00000012   Code   RO          796    i.LL_ADC_GetOffsetChannel  stm32l4xx_hal_adc.o
    0x08004ae8   0x08004ae8   0x0000000a   Code   RO          797    i.LL_ADC_INJ_IsConversionOngoing  stm32l4xx_hal_adc.o
    0x08004af2   0x08004af2   0x0000000a   Code   RO          798    i.LL_ADC_IsDisableOngoing  stm32l4xx_hal_adc.o
    0x08004afc   0x08004afc   0x0000000a   Code   RO          799    i.LL_ADC_IsEnabled  stm32l4xx_hal_adc.o
    0x08004b06   0x08004b06   0x0000000a   Code   RO         1060    i.LL_ADC_IsEnabled  stm32l4xx_hal_adc_ex.o
    0x08004b10   0x08004b10   0x0000000a   Code   RO          800    i.LL_ADC_IsInternalRegulatorEnabled  stm32l4xx_hal_adc.o
    0x08004b1a   0x08004b1a   0x0000000a   Code   RO          801    i.LL_ADC_REG_IsConversionOngoing  stm32l4xx_hal_adc.o
    0x08004b24   0x08004b24   0x0000000a   Code   RO         1061    i.LL_ADC_REG_IsConversionOngoing  stm32l4xx_hal_adc_ex.o
    0x08004b2e   0x08004b2e   0x00000012   Code   RO          802    i.LL_ADC_REG_IsTriggerSourceSWStart  stm32l4xx_hal_adc.o
    0x08004b40   0x08004b40   0x00000010   Code   RO          803    i.LL_ADC_REG_StartConversion  stm32l4xx_hal_adc.o
    0x08004b50   0x08004b50   0x00000028   Code   RO          805    i.LL_ADC_SetChannelSamplingTime  stm32l4xx_hal_adc.o
    0x08004b78   0x08004b78   0x0000000c   Code   RO          806    i.LL_ADC_SetCommonPathInternalCh  stm32l4xx_hal_adc.o
    0x08004b84   0x08004b84   0x00000016   Code   RO          807    i.LL_ADC_SetOffsetState  stm32l4xx_hal_adc.o
    0x08004b9a   0x08004b9a   0x00000002   PAD
    0x08004b9c   0x08004b9c   0x0000024c   Code   RO           14    i.MX_ADC1_Init      main.o
    0x08004de8   0x08004de8   0x00000154   Code   RO           15    i.MX_ADC3_Init      main.o
    0x08004f3c   0x08004f3c   0x00000090   Code   RO           16    i.MX_DMA_Init       main.o
    0x08004fcc   0x08004fcc   0x0000001c   Code   RO          481    i.MX_FATFS_Init     fatfs.o
    0x08004fe8   0x08004fe8   0x0000019c   Code   RO           17    i.MX_GPIO_Init      main.o
    0x08005184   0x08005184   0x00000058   Code   RO           18    i.MX_I2C1_Init      main.o
    0x080051dc   0x080051dc   0x00000024   Code   RO           19    i.MX_SDMMC1_SD_Init  main.o
    0x08005200   0x08005200   0x00000048   Code   RO           20    i.MX_SPI1_Init      main.o
    0x08005248   0x08005248   0x0000006c   Code   RO           21    i.MX_TIM2_Init      main.o
    0x080052b4   0x080052b4   0x000000a0   Code   RO           22    i.MX_TIM3_Init      main.o
    0x08005354   0x08005354   0x00000040   Code   RO           23    i.MX_USART1_UART_Init  main.o
    0x08005394   0x08005394   0x00000004   Code   RO          551    i.MemManage_Handler  stm32l4xx_it.o
    0x08005398   0x08005398   0x00000002   Code   RO          552    i.NMI_Handler       stm32l4xx_it.o
    0x0800539a   0x0800539a   0x00000002   Code   RO          553    i.PendSV_Handler    stm32l4xx_it.o
    0x0800539c   0x0800539c   0x0000018c   Code   RO         2127    i.RCCEx_PLLSAI1_Config  stm32l4xx_hal_rcc_ex.o
    0x08005528   0x08005528   0x00000164   Code   RO         2128    i.RCCEx_PLLSAI2_Config  stm32l4xx_hal_rcc_ex.o
    0x0800568c   0x0800568c   0x0000009c   Code   RO         2020    i.RCC_SetFlashLatencyFromMSIRange  stm32l4xx_hal_rcc.o
    0x08005728   0x08005728   0x00000010   Code   RO          554    i.SDMMC1_IRQHandler  stm32l4xx_it.o
    0x08005738   0x08005738   0x00000038   Code   RO         3244    i.SDMMC_CmdAppCommand  stm32l4xx_ll_sdmmc.o
    0x08005770   0x08005770   0x0000003c   Code   RO         3245    i.SDMMC_CmdAppOperCommand  stm32l4xx_ll_sdmmc.o
    0x080057ac   0x080057ac   0x00000038   Code   RO         3246    i.SDMMC_CmdBlockLength  stm32l4xx_ll_sdmmc.o
    0x080057e4   0x080057e4   0x00000038   Code   RO         3247    i.SDMMC_CmdBusWidth  stm32l4xx_ll_sdmmc.o
    0x0800581c   0x0800581c   0x0000002c   Code   RO         3251    i.SDMMC_CmdGoIdleState  stm32l4xx_ll_sdmmc.o
    0x08005848   0x08005848   0x00000034   Code   RO         3253    i.SDMMC_CmdOperCond  stm32l4xx_ll_sdmmc.o
    0x0800587c   0x0800587c   0x00000038   Code   RO         3254    i.SDMMC_CmdReadMultiBlock  stm32l4xx_ll_sdmmc.o
    0x080058b4   0x080058b4   0x00000038   Code   RO         3255    i.SDMMC_CmdReadSingleBlock  stm32l4xx_ll_sdmmc.o
    0x080058ec   0x080058ec   0x0000003a   Code   RO         3258    i.SDMMC_CmdSelDesel  stm32l4xx_ll_sdmmc.o
    0x08005926   0x08005926   0x00000032   Code   RO         3259    i.SDMMC_CmdSendCID  stm32l4xx_ll_sdmmc.o
    0x08005958   0x08005958   0x00000032   Code   RO         3260    i.SDMMC_CmdSendCSD  stm32l4xx_ll_sdmmc.o
    0x0800598a   0x0800598a   0x00000038   Code   RO         3262    i.SDMMC_CmdSendSCR  stm32l4xx_ll_sdmmc.o
    0x080059c2   0x080059c2   0x00000038   Code   RO         3263    i.SDMMC_CmdSendStatus  stm32l4xx_ll_sdmmc.o
    0x080059fa   0x080059fa   0x00000038   Code   RO         3264    i.SDMMC_CmdSetRelAdd  stm32l4xx_ll_sdmmc.o
    0x08005a32   0x08005a32   0x00000002   PAD
    0x08005a34   0x08005a34   0x0000003c   Code   RO         3266    i.SDMMC_CmdStopTransfer  stm32l4xx_ll_sdmmc.o
    0x08005a70   0x08005a70   0x00000038   Code   RO         3268    i.SDMMC_CmdWriteMultiBlock  stm32l4xx_ll_sdmmc.o
    0x08005aa8   0x08005aa8   0x00000038   Code   RO         3269    i.SDMMC_CmdWriteSingleBlock  stm32l4xx_ll_sdmmc.o
    0x08005ae0   0x08005ae0   0x0000002c   Code   RO         3270    i.SDMMC_ConfigData  stm32l4xx_ll_sdmmc.o
    0x08005b0c   0x08005b0c   0x00000040   Code   RO         3271    i.SDMMC_GetCmdError  stm32l4xx_ll_sdmmc.o
    0x08005b4c   0x08005b4c   0x000001ac   Code   RO         3272    i.SDMMC_GetCmdResp1  stm32l4xx_ll_sdmmc.o
    0x08005cf8   0x08005cf8   0x00000064   Code   RO         3273    i.SDMMC_GetCmdResp2  stm32l4xx_ll_sdmmc.o
    0x08005d5c   0x08005d5c   0x00000058   Code   RO         3274    i.SDMMC_GetCmdResp3  stm32l4xx_ll_sdmmc.o
    0x08005db4   0x08005db4   0x000000b8   Code   RO         3275    i.SDMMC_GetCmdResp6  stm32l4xx_ll_sdmmc.o
    0x08005e6c   0x08005e6c   0x0000006c   Code   RO         3276    i.SDMMC_GetCmdResp7  stm32l4xx_ll_sdmmc.o
    0x08005ed8   0x08005ed8   0x00000008   Code   RO         3277    i.SDMMC_GetCommandResponse  stm32l4xx_ll_sdmmc.o
    0x08005ee0   0x08005ee0   0x0000000a   Code   RO         3280    i.SDMMC_GetPowerState  stm32l4xx_ll_sdmmc.o
    0x08005eea   0x08005eea   0x0000000c   Code   RO         3281    i.SDMMC_GetResponse  stm32l4xx_ll_sdmmc.o
    0x08005ef6   0x08005ef6   0x00000034   Code   RO         3282    i.SDMMC_Init        stm32l4xx_ll_sdmmc.o
    0x08005f2a   0x08005f2a   0x00000012   Code   RO         3284    i.SDMMC_PowerState_ON  stm32l4xx_ll_sdmmc.o
    0x08005f3c   0x08005f3c   0x00000008   Code   RO         3285    i.SDMMC_ReadFIFO    stm32l4xx_ll_sdmmc.o
    0x08005f44   0x08005f44   0x00000028   Code   RO         3286    i.SDMMC_SendCommand  stm32l4xx_ll_sdmmc.o
    0x08005f6c   0x08005f6c   0x0000000c   Code   RO         3288    i.SDMMC_WriteFIFO   stm32l4xx_ll_sdmmc.o
    0x08005f78   0x08005f78   0x00000028   Code   RO          403    i.SD_CheckStatus    sd_diskio.o
    0x08005fa0   0x08005fa0   0x00000026   Code   RO          404    i.SD_CheckStatusWithTimeout  sd_diskio.o
    0x08005fc6   0x08005fc6   0x00000002   PAD
    0x08005fc8   0x08005fc8   0x0000005c   Code   RO         6262    i.SD_DMAConfigRx    fatfs_user.o
    0x08006024   0x08006024   0x00000060   Code   RO         6263    i.SD_DMAConfigTx    fatfs_user.o
    0x08006084   0x08006084   0x0000006c   Code   RO         3553    i.SD_DMAError       stm32l4xx_hal_sd.o
    0x080060f0   0x080060f0   0x00000048   Code   RO         3554    i.SD_DMAReceiveCplt  stm32l4xx_hal_sd.o
    0x08006138   0x08006138   0x00000048   Code   RO         3555    i.SD_DMARxAbort     stm32l4xx_hal_sd.o
    0x08006180   0x08006180   0x00000012   Code   RO         3556    i.SD_DMATransmitCplt  stm32l4xx_hal_sd.o
    0x08006192   0x08006192   0x00000048   Code   RO         3557    i.SD_DMATxAbort     stm32l4xx_hal_sd.o
    0x080061da   0x080061da   0x00000134   Code   RO         3558    i.SD_FindSCR        stm32l4xx_hal_sd.o
    0x0800630e   0x0800630e   0x00000102   Code   RO         3559    i.SD_InitCard       stm32l4xx_hal_sd.o
    0x08006410   0x08006410   0x000000cc   Code   RO         3561    i.SD_PowerON        stm32l4xx_hal_sd.o
    0x080064dc   0x080064dc   0x0000004a   Code   RO         3562    i.SD_Read_IT        stm32l4xx_hal_sd.o
    0x08006526   0x08006526   0x00000030   Code   RO         3564    i.SD_SendStatus     stm32l4xx_hal_sd.o
    0x08006556   0x08006556   0x00000068   Code   RO         3565    i.SD_WideBus_Disable  stm32l4xx_hal_sd.o
    0x080065be   0x080065be   0x00000068   Code   RO         3566    i.SD_WideBus_Enable  stm32l4xx_hal_sd.o
    0x08006626   0x08006626   0x00000054   Code   RO         3567    i.SD_Write_IT       stm32l4xx_hal_sd.o
    0x0800667a   0x0800667a   0x00000002   PAD
    0x0800667c   0x0800667c   0x000000d0   Code   RO         6354    i.SD_init           sdsave.o
    0x0800674c   0x0800674c   0x00000020   Code   RO          405    i.SD_initialize     sd_diskio.o
    0x0800676c   0x0800676c   0x0000006c   Code   RO          406    i.SD_ioctl          sd_diskio.o
    0x080067d8   0x080067d8   0x00000090   Code   RO          407    i.SD_read           sd_diskio.o
    0x08006868   0x08006868   0x0000000c   Code   RO          408    i.SD_status         sd_diskio.o
    0x08006874   0x08006874   0x00000090   Code   RO          409    i.SD_write          sd_diskio.o
    0x08006904   0x08006904   0x00000028   Code   RO         3838    i.SPI_DMAError      stm32l4xx_hal_spi.o
    0x0800692c   0x0800692c   0x0000000e   Code   RO         3839    i.SPI_DMAHalfReceiveCplt  stm32l4xx_hal_spi.o
    0x0800693a   0x0800693a   0x0000000e   Code   RO         3841    i.SPI_DMAHalfTransmitReceiveCplt  stm32l4xx_hal_spi.o
    0x08006948   0x08006948   0x00000062   Code   RO         3842    i.SPI_DMAReceiveCplt  stm32l4xx_hal_spi.o
    0x080069aa   0x080069aa   0x00000068   Code   RO         3845    i.SPI_DMATransmitReceiveCplt  stm32l4xx_hal_spi.o
    0x08006a12   0x08006a12   0x00000082   Code   RO         3847    i.SPI_EndRxTransaction  stm32l4xx_hal_spi.o
    0x08006a94   0x08006a94   0x00000064   Code   RO         3848    i.SPI_EndRxTxTransaction  stm32l4xx_hal_spi.o
    0x08006af8   0x08006af8   0x000000aa   Code   RO         3853    i.SPI_WaitFifoStateUntilTimeout  stm32l4xx_hal_spi.o
    0x08006ba2   0x08006ba2   0x000000a8   Code   RO         3854    i.SPI_WaitFlagStateUntilTimeout  stm32l4xx_hal_spi.o
    0x08006c4a   0x08006c4a   0x00000002   Code   RO          555    i.SVC_Handler       stm32l4xx_it.o
    0x08006c4c   0x08006c4c   0x000000dc   Code   RO         5608    i.SwitcherCtl       adc.o
    0x08006d28   0x08006d28   0x00000008   Code   RO          556    i.SysTick_Handler   stm32l4xx_it.o
    0x08006d30   0x08006d30   0x000000c0   Code   RO           24    i.SystemClock_Config  main.o
    0x08006df0   0x08006df0   0x00000050   Code   RO         5568    i.SystemInit        system_stm32l4xx.o
    0x08006e40   0x08006e40   0x00000010   Code   RO          557    i.TIM3_IRQHandler   stm32l4xx_it.o
    0x08006e50   0x08006e50   0x000000cc   Code   RO         4240    i.TIM_Base_SetConfig  stm32l4xx_hal_tim.o
    0x08006f1c   0x08006f1c   0x00000022   Code   RO         4241    i.TIM_CCxChannelCmd  stm32l4xx_hal_tim.o
    0x08006f3e   0x08006f3e   0x00000016   Code   RO         4251    i.TIM_ETR_SetConfig  stm32l4xx_hal_tim.o
    0x08006f54   0x08006f54   0x00000012   Code   RO         4252    i.TIM_ITRx_SetConfig  stm32l4xx_hal_tim.o
    0x08006f66   0x08006f66   0x00000002   PAD
    0x08006f68   0x08006f68   0x000000ac   Code   RO         4253    i.TIM_OC1_SetConfig  stm32l4xx_hal_tim.o
    0x08007014   0x08007014   0x000000b4   Code   RO         4254    i.TIM_OC2_SetConfig  stm32l4xx_hal_tim.o
    0x080070c8   0x080070c8   0x000000b4   Code   RO         4255    i.TIM_OC3_SetConfig  stm32l4xx_hal_tim.o
    0x0800717c   0x0800717c   0x00000074   Code   RO         4256    i.TIM_OC4_SetConfig  stm32l4xx_hal_tim.o
    0x080071f0   0x080071f0   0x00000070   Code   RO         4257    i.TIM_OC5_SetConfig  stm32l4xx_hal_tim.o
    0x08007260   0x08007260   0x00000070   Code   RO         4258    i.TIM_OC6_SetConfig  stm32l4xx_hal_tim.o
    0x080072d0   0x080072d0   0x00000026   Code   RO         4260    i.TIM_TI1_ConfigInputStage  stm32l4xx_hal_tim.o
    0x080072f6   0x080072f6   0x00000028   Code   RO         4262    i.TIM_TI2_ConfigInputStage  stm32l4xx_hal_tim.o
    0x0800731e   0x0800731e   0x000000f8   Code   RO         5159    i.UART_AdvFeatureConfig  stm32l4xx_hal_uart.o
    0x08007416   0x08007416   0x0000006e   Code   RO         5160    i.UART_CheckIdleState  stm32l4xx_hal_uart.o
    0x08007484   0x08007484   0x00000472   Code   RO         5176    i.UART_SetConfig    stm32l4xx_hal_uart.o
    0x080078f6   0x080078f6   0x000000b4   Code   RO         5179    i.UART_WaitOnFlagUntilTimeout  stm32l4xx_hal_uart.o
    0x080079aa   0x080079aa   0x00000004   Code   RO          558    i.UsageFault_Handler  stm32l4xx_it.o
    0x080079ae   0x080079ae   0x00000002   PAD
    0x080079b0   0x080079b0   0x000001d4   Code   RO         6355    i.Write_Node_in_SD  sdsave.o
    0x08007b84   0x08007b84   0x00000028   Code   RO         7010    i.__0sprintf        mc_w.l(printfa.o)
    0x08007bac   0x08007bac   0x00000010   Code   RO         3050    i.__NVIC_GetPriorityGrouping  stm32l4xx_hal_cortex.o
    0x08007bbc   0x08007bbc   0x00000028   Code   RO         3051    i.__NVIC_SetPriority  stm32l4xx_hal_cortex.o
    0x08007be4   0x08007be4   0x0000000e   Code   RO         7077    i.__scatterload_copy  mc_w.l(handlers.o)
    0x08007bf2   0x08007bf2   0x00000002   Code   RO         7078    i.__scatterload_null  mc_w.l(handlers.o)
    0x08007bf4   0x08007bf4   0x0000000e   Code   RO         7079    i.__scatterload_zeroinit  mc_w.l(handlers.o)
    0x08007c02   0x08007c02   0x00000002   PAD
    0x08007c04   0x08007c04   0x0000018a   Code   RO         7015    i._fp_digits        mc_w.l(printfa.o)
    0x08007d8e   0x08007d8e   0x00000002   PAD
    0x08007d90   0x08007d90   0x000006e2   Code   RO         7016    i._printf_core      mc_w.l(printfa.o)
    0x08008472   0x08008472   0x00000024   Code   RO         7017    i._printf_post_padding  mc_w.l(printfa.o)
    0x08008496   0x08008496   0x0000002e   Code   RO         7018    i._printf_pre_padding  mc_w.l(printfa.o)
    0x080084c4   0x080084c4   0x0000000a   Code   RO         7020    i._sputc            mc_w.l(printfa.o)
    0x080084ce   0x080084ce   0x00000002   PAD
    0x080084d0   0x080084d0   0x0000007c   Code   RO         5772    i.check_fs          ff.o
    0x0800854c   0x0800854c   0x00000014   Code   RO         5773    i.chk_chr           ff.o
    0x08008560   0x08008560   0x0000007c   Code   RO         5774    i.chk_lock          ff.o
    0x080085dc   0x080085dc   0x00000028   Code   RO         5775    i.clear_lock        ff.o
    0x08008604   0x08008604   0x00000032   Code   RO         5776    i.clmt_clust        ff.o
    0x08008636   0x08008636   0x0000001a   Code   RO         5777    i.clust2sect        ff.o
    0x08008650   0x08008650   0x00000098   Code   RO         5778    i.cmp_lfn           ff.o
    0x080086e8   0x080086e8   0x000000de   Code   RO         5779    i.create_chain      ff.o
    0x080087c6   0x080087c6   0x00000002   PAD
    0x080087c8   0x080087c8   0x00000272   Code   RO         5780    i.create_name       ff.o
    0x08008a3a   0x08008a3a   0x00000002   PAD
    0x08008a3c   0x08008a3c   0x00000044   Code   RO         5781    i.dec_lock          ff.o
    0x08008a80   0x08008a80   0x00000060   Code   RO         5782    i.dir_alloc         ff.o
    0x08008ae0   0x08008ae0   0x000000fc   Code   RO         5783    i.dir_find          ff.o
    0x08008bdc   0x08008bdc   0x0000010c   Code   RO         5784    i.dir_next          ff.o
    0x08008ce8   0x08008ce8   0x000000d8   Code   RO         5785    i.dir_read          ff.o
    0x08008dc0   0x08008dc0   0x00000148   Code   RO         5786    i.dir_register      ff.o
    0x08008f08   0x08008f08   0x00000060   Code   RO         5787    i.dir_remove        ff.o
    0x08008f68   0x08008f68   0x0000009a   Code   RO         5788    i.dir_sdi           ff.o
    0x08009002   0x08009002   0x00000002   PAD
    0x08009004   0x08009004   0x0000002c   Code   RO         5717    i.disk_initialize   diskio.o
    0x08009030   0x08009030   0x00000028   Code   RO         5718    i.disk_ioctl        diskio.o
    0x08009058   0x08009058   0x00000030   Code   RO         5719    i.disk_read         diskio.o
    0x08009088   0x08009088   0x0000001c   Code   RO         5720    i.disk_status       diskio.o
    0x080090a4   0x080090a4   0x00000030   Code   RO         5721    i.disk_write        diskio.o
    0x080090d4   0x080090d4   0x00000028   Code   RO         5789    i.enq_lock          ff.o
    0x080090fc   0x080090fc   0x0000002c   Code   RO         5790    i.f_close           ff.o
    0x08009128   0x08009128   0x00000168   Code   RO         5795    i.f_mkdir           ff.o
    0x08009290   0x08009290   0x0000068a   Code   RO         5796    i.f_mkfs            ff.o
    0x0800991a   0x0800991a   0x00000002   PAD
    0x0800991c   0x0800991c   0x00000060   Code   RO         5797    i.f_mount           ff.o
    0x0800997c   0x0800997c   0x00000240   Code   RO         5798    i.f_open            ff.o
    0x08009bbc   0x08009bbc   0x00000098   Code   RO         5799    i.f_opendir         ff.o
    0x08009c54   0x08009c54   0x0000005c   Code   RO         5804    i.f_readdir         ff.o
    0x08009cb0   0x08009cb0   0x00000048   Code   RO         5806    i.f_stat            ff.o
    0x08009cf8   0x08009cf8   0x000000a0   Code   RO         5807    i.f_sync            ff.o
    0x08009d98   0x08009d98   0x000000c0   Code   RO         5809    i.f_unlink          ff.o
    0x08009e58   0x08009e58   0x000001f4   Code   RO         5810    i.f_write           ff.o
    0x0800a04c   0x0800a04c   0x0000007c   Code   RO         6228    i.ff_convert        cc936.o
    0x0800a0c8   0x0800a0c8   0x000000a4   Code   RO         6229    i.ff_wtoupper       cc936.o
    0x0800a16c   0x0800a16c   0x00000306   Code   RO         5811    i.find_volume       ff.o
    0x0800a472   0x0800a472   0x000000a2   Code   RO         5812    i.follow_path       ff.o
    0x0800a514   0x0800a514   0x000000d2   Code   RO         5813    i.gen_numname       ff.o
    0x0800a5e6   0x0800a5e6   0x000000e0   Code   RO         5814    i.get_fat           ff.o
    0x0800a6c6   0x0800a6c6   0x00000004   Code   RO          482    i.get_fattime       fatfs.o
    0x0800a6ca   0x0800a6ca   0x0000015a   Code   RO         5815    i.get_fileinfo      ff.o
    0x0800a824   0x0800a824   0x00000048   Code   RO         5816    i.get_ldnumber      ff.o
    0x0800a86c   0x0800a86c   0x000000bc   Code   RO         5817    i.inc_lock          ff.o
    0x0800a928   0x0800a928   0x00000026   Code   RO         5818    i.ld_clust          ff.o
    0x0800a94e   0x0800a94e   0x00000018   Code   RO         5819    i.ld_dword          ff.o
    0x0800a966   0x0800a966   0x0000000c   Code   RO         5820    i.ld_word           ff.o
    0x0800a972   0x0800a972   0x00000002   PAD
    0x0800a974   0x0800a974   0x00000078   Code   RO           25    i.main              main.o
    0x0800a9ec   0x0800a9ec   0x00000024   Code   RO         5821    i.mem_cmp           ff.o
    0x0800aa10   0x0800aa10   0x0000001a   Code   RO         5822    i.mem_cpy           ff.o
    0x0800aa2a   0x0800aa2a   0x00000012   Code   RO         5823    i.mem_set           ff.o
    0x0800aa3c   0x0800aa3c   0x00000034   Code   RO         5824    i.move_window       ff.o
    0x0800aa70   0x0800aa70   0x00000088   Code   RO         5825    i.pick_lfn          ff.o
    0x0800aaf8   0x0800aaf8   0x00000138   Code   RO         5826    i.put_fat           ff.o
    0x0800ac30   0x0800ac30   0x00000080   Code   RO         5827    i.put_lfn           ff.o
    0x0800acb0   0x0800acb0   0x0000009a   Code   RO         5831    i.remove_chain      ff.o
    0x0800ad4a   0x0800ad4a   0x00000024   Code   RO         5832    i.st_clust          ff.o
    0x0800ad6e   0x0800ad6e   0x00000018   Code   RO         5833    i.st_dword          ff.o
    0x0800ad86   0x0800ad86   0x0000000c   Code   RO         5834    i.st_word           ff.o
    0x0800ad92   0x0800ad92   0x00000020   Code   RO         5835    i.sum_sfn           ff.o
    0x0800adb2   0x0800adb2   0x00000002   PAD
    0x0800adb4   0x0800adb4   0x00000090   Code   RO         5836    i.sync_fs           ff.o
    0x0800ae44   0x0800ae44   0x00000052   Code   RO         5837    i.sync_window       ff.o
    0x0800ae96   0x0800ae96   0x0000003c   Code   RO         5838    i.validate          ff.o
    0x0800aed2   0x0800aed2   0x00000002   PAD
    0x0800aed4   0x0800aed4   0x00000014   Data   RO          410    .constdata          sd_diskio.o
    0x0800aee8   0x0800aee8   0x00000048   Data   RO         5569    .constdata          system_stm32l4xx.o
    0x0800af30   0x0800af30   0x0000002a   Data   RO         5840    .constdata          ff.o
    0x0800af5a   0x0800af5a   0x0002abb6   Data   RO         6230    .constdata          cc936.o
    0x08035b10   0x08035b10   0x00000005   Data   RO         6357    .constdata          sdsave.o
    0x08035b15   0x08035b15   0x00000003   PAD
    0x08035b18   0x08035b18   0x00000020   Data   RO         7075    Region$$Table       anon$$obj.o


    Execution Region RW_IRAM2 (Exec base: 0x10000000, Load base: 0x08035b8c, Size: 0x00000000, Max: 0x00008000, ABSOLUTE)

    **** No section assigned to this execution region ****


    Execution Region RW_IRAM1 (Exec base: 0x20000000, Load base: 0x08035b38, Size: 0x00005f08, Max: 0x00018000, ABSOLUTE)

    Exec Addr    Load Addr    Size         Type   Attr      Idx    E Section Name        Object

    0x20000000   0x08035b38   0x0000000c   Data   RW          411    .data               sd_diskio.o
    0x2000000c   0x08035b44   0x00000005   Data   RW          484    .data               fatfs.o
    0x20000011   0x08035b49   0x00000003   PAD
    0x20000014   0x08035b4c   0x00000004   Data   RW          679    .data               stm32l4xx_hal_msp.o
    0x20000018   0x08035b50   0x0000000c   Data   RW         1292    .data               stm32l4xx_hal.o
    0x20000024   0x08035b5c   0x00000004   Data   RW         5570    .data               system_stm32l4xx.o
    0x20000028   0x08035b60   0x00000018   Data   RW         5610    .data               adc.o
    0x20000040   0x08035b78   0x00000006   Data   RW         5841    .data               ff.o
    0x20000046   0x08035b7e   0x00000002   PAD
    0x20000048   0x08035b80   0x00000004   Data   RW         6358    .data               sdsave.o
    0x2000004c   0x08035b84   0x00000005   Data   RW         6409    .data               sdemgsave.o
    0x20000051   0x08035b89   0x00000003   PAD
    0x20000054        -       0x00000464   Zero   RW           26    .bss                main.o
    0x200004b8        -       0x00000464   Zero   RW          483    .bss                fatfs.o
    0x2000091c        -       0x000021f0   Zero   RW         5609    .bss                adc.o
    0x20002b0c        -       0x00000020   Zero   RW         5839    .bss                ff.o
    0x20002b2c        -       0x0000000c   Zero   RW         6158    .bss                ff_gen_drv.o
    0x20002b38        -       0x000003d0   Zero   RW         6356    .bss                sdsave.o
    0x20002f08        -       0x00003000   Zero   RW            1    STACK               startup_stm32l476xx.o


==============================================================================

Image component sizes


      Code (inc. data)   RO Data    RW Data    ZI Data      Debug   Object Name

       624        130          0         24       8688       5917   adc.o
       146         14          0          0          0       5522   bsp_driver_sd.o
       288         26     175030          0          0       2771   cc936.o
       208         24          0          0          0       4461   diskio.o
        32         12          0          5       1124       1848   fatfs.o
        24          4          0          0          0        641   fatfs_platform.o
       292         34          0          0          0       3732   fatfs_user.o
     10122        186         42          6         32      55699   ff.o
       102          6          0          0         12       1959   ff_gen_drv.o
      2326        218          0          0       1124     920863   main.o
       542         38         20         12          0       7517   sd_diskio.o
       140         14          0          5          0       1329   sdemgsave.o
       828        114          5          4        976       4236   sdsave.o
        36          8        392          0      12288        932   startup_stm32l476xx.o
       194         32          0         12          0       4953   stm32l4xx_hal.o
      3150        146          0          0          0      79288   stm32l4xx_hal_adc.o
       308         16          0          0          0      60471   stm32l4xx_hal_adc_ex.o
       310         22          0          0          0      35123   stm32l4xx_hal_cortex.o
      1104         18          0          0          0       6455   stm32l4xx_hal_dma.o
       572         40          0          0          0       4775   stm32l4xx_hal_gpio.o
       196          4          0          0          0       2867   stm32l4xx_hal_i2c.o
       210          0          0          0          0       2235   stm32l4xx_hal_i2c_ex.o
      1412        128          0          4          0       6864   stm32l4xx_hal_msp.o
       176         24          0          0          0       2187   stm32l4xx_hal_pwr_ex.o
      2644        106          0          0          0       8096   stm32l4xx_hal_rcc.o
      1988         48          0          0          0       4324   stm32l4xx_hal_rcc_ex.o
      3602         62          0          0          0      21211   stm32l4xx_hal_sd.o
      2074         34          0          0          0      14832   stm32l4xx_hal_spi.o
      2522        224          0          0          0      20686   stm32l4xx_hal_tim.o
       198         26          0          0          0       3576   stm32l4xx_hal_tim_ex.o
      1792         64          0          0          0       5677   stm32l4xx_hal_uart.o
       154         42          0          0          0       9696   stm32l4xx_it.o
      2110         46          0          0          0      27556   stm32l4xx_ll_sdmmc.o
         0          0          0          0          0        636   syscall.o
        80         12         72          4          0       1501   system_stm32l4xx.o

    ----------------------------------------------------------------------
     40576       1922     175596         84      24244    1340436   Object Totals
         0          0         32          0          0          0   (incl. Generated)
        70          0          3          8          0          0   (incl. Padding)

    ----------------------------------------------------------------------

      Code (inc. data)   RO Data    RW Data    ZI Data      Debug   Library Member Name

         0          0          0          0          0          0   entry.o
         0          0          0          0          0          0   entry10a.o
         0          0          0          0          0          0   entry11a.o
         8          4          0          0          0          0   entry2.o
         4          0          0          0          0          0   entry5.o
         0          0          0          0          0          0   entry7b.o
         0          0          0          0          0          0   entry8b.o
         8          4          0          0          0          0   entry9a.o
        30          0          0          0          0          0   handlers.o
        36          8          0          0          0         68   init.o
         0          0          0          0          0          0   iusefp.o
        30          0          0          0          0         68   llshl.o
        36          0          0          0          0         68   llsshr.o
        32          0          0          0          0         68   llushr.o
        36          0          0          0          0         68   memcpya.o
        36          0          0          0          0        108   memseta.o
      2288         86          0          0          0        520   printfa.o
        44          0          0          0          0         80   uidiv.o
       104          0          0          0          0         92   uldiv.o
        48          0          0          0          0         68   cdrcmple.o
       350          0          0          0          0        148   dadd.o
       222          0          0          0          0        100   ddiv.o
       186          0          0          0          0        176   depilogue.o
        48          0          0          0          0         68   dfixul.o
       234          0          0          0          0         96   dmul.o

    ----------------------------------------------------------------------
      3788        102          0          0          0       1796   Library Totals
         8          0          0          0          0          0   (incl. Padding)

    ----------------------------------------------------------------------

      Code (inc. data)   RO Data    RW Data    ZI Data      Debug   Library Name

      2692        102          0          0          0       1140   mc_w.l
      1088          0          0          0          0        656   mf_w.l

    ----------------------------------------------------------------------
      3788        102          0          0          0       1796   Library Totals

    ----------------------------------------------------------------------

==============================================================================


      Code (inc. data)   RO Data    RW Data    ZI Data      Debug   

     44364       2024     175596         84      24244    1311400   Grand Totals
     44364       2024     175596         84      24244    1311400   ELF Image Totals
     44364       2024     175596         84          0          0   ROM Totals

==============================================================================

    Total RO  Size (Code + RO Data)               219960 ( 214.80kB)
    Total RW  Size (RW Data + ZI Data)             24328 (  23.76kB)
    Total ROM Size (Code + RO Data + RW Data)     220044 ( 214.89kB)

==============================================================================

